Archive member included to satisfy reference by file (symbol)

srcLib/libsrcLib.a(main.c.obj)
                              C:/Raspy/pico/sdk/toolchain/bin/../lib/gcc/arm-none-eabi/13.2.1/../../../../arm-none-eabi/lib/thumb/v6-m/nofp/crt0.o (main)
srcLib/libsrcLib.a(application.c.obj)
                              srcLib/libsrcLib.a(main.c.obj) (App_Run)
srcLib/libsrcLib.a(blinky_rp_sdk.c.obj)
                              srcLib/libsrcLib.a(application.c.obj) (blinky_sdk_rp)
srcLib/libsrcLib.a(platform.c.obj)
                              srcLib/libsrcLib.a(application.c.obj) (PL_Init)
srcLib/libsrcLib.a(McuSystemView.c.obj)
                              srcLib/libsrcLib.a(platform.c.obj) (McuSystemView_Init)
srcLib/libsrcLib.a(McuArmTools.c.obj)
                              srcLib/libsrcLib.a(platform.c.obj) (McuArmTools_Deinit)
srcLib/libsrcLib.a(McuButton.c.obj)
                              srcLib/libsrcLib.a(platform.c.obj) (McuBtn_Deinit)
srcLib/libsrcLib.a(McuDebounce.c.obj)
                              srcLib/libsrcLib.a(platform.c.obj) (McuDbnc_Deinit)
srcLib/libsrcLib.a(McuGPIO.c.obj)
                              srcLib/libsrcLib.a(McuButton.c.obj) (McuGPIO_GetDefaultConfig)
srcLib/libsrcLib.a(McuGenericI2C.c.obj)
                              srcLib/libsrcLib.a(platform.c.obj) (McuGenericI2C_Init)
srcLib/libsrcLib.a(McuI2cLib.c.obj)
                              srcLib/libsrcLib.a(McuGenericI2C.c.obj) (McuI2cLib_SendBlock)
srcLib/libsrcLib.a(McuLED.c.obj)
                              srcLib/libsrcLib.a(platform.c.obj) (McuLED_Init)
srcLib/libsrcLib.a(McuLib.c.obj)
                              srcLib/libsrcLib.a(platform.c.obj) (McuLib_Init)
srcLib/libsrcLib.a(McuLog.c.obj)
                              srcLib/libsrcLib.a(platform.c.obj) (McuLog_set_console)
srcLib/libsrcLib.a(McuRB.c.obj)
                              srcLib/libsrcLib.a(platform.c.obj) (McuRB_Deinit)
srcLib/libsrcLib.a(McuRTOS.c.obj)
                              srcLib/libsrcLib.a(platform.c.obj) (McuRTOS_Deinit)
srcLib/libsrcLib.a(McuRTT.c.obj)
                              srcLib/libsrcLib.a(McuLog.c.obj) (McuRTT_StdIOSendChar)
srcLib/libsrcLib.a(McuSHT31.c.obj)
                              srcLib/libsrcLib.a(platform.c.obj) (McuSHT31_Init)
srcLib/libsrcLib.a(McuShell.c.obj)
                              srcLib/libsrcLib.a(McuArmTools.c.obj) (McuShell_SendStr)
srcLib/libsrcLib.a(McuShellCdcDevice.c.obj)
                              srcLib/libsrcLib.a(platform.c.obj) (McuShellCdcDevice_SetBufferRxCharCallback)
srcLib/libsrcLib.a(McuUtility.c.obj)
                              srcLib/libsrcLib.a(McuArmTools.c.obj) (McuUtility_strcpy)
srcLib/libsrcLib.a(McuWait.c.obj)
                              srcLib/libsrcLib.a(McuI2cLib.c.obj) (McuWait_Wait10Cycles)
srcLib/libsrcLib.a(McuXFormat.c.obj)
                              srcLib/libsrcLib.a(McuLog.c.obj) (McuXFormat_xvformat)
srcLib/libsrcLib.a(unique_id.c.obj)
                              srcLib/libsrcLib.a(McuArmTools.c.obj) (pico_get_unique_board_id)
srcLib/libsrcLib.a(flash.c.obj)
                              srcLib/libsrcLib.a(unique_id.c.obj) (flash_get_unique_id)
srcLib/libsrcLib.a(usbd.c.obj)
                              srcLib/libsrcLib.a(McuShellCdcDevice.c.obj) (tud_init)
srcLib/libsrcLib.a(usbd_control.c.obj)
                              srcLib/libsrcLib.a(usbd.c.obj) (tud_control_status)
srcLib/libsrcLib.a(cdc_device.c.obj)
                              srcLib/libsrcLib.a(McuShellCdcDevice.c.obj) (tud_cdc_n_ready)
srcLib/libsrcLib.a(tusb.c.obj)
                              srcLib/libsrcLib.a(usbd.c.obj) (tu_edpt_claim)
srcLib/libsrcLib.a(tusb_fifo.c.obj)
                              srcLib/libsrcLib.a(cdc_device.c.obj) (tu_fifo_config)
srcLib/libsrcLib.a(i2c.c.obj)
                              srcLib/libsrcLib.a(McuI2cLib.c.obj) (i2c0_inst)
srcLib/libsrcLib.a(system_RP2040.c.obj)
                              srcLib/libsrcLib.a(McuI2cLib.c.obj) (SystemCoreClock)
srcLib/libsrcLib.a(usb_descriptors.c.obj)
                              srcLib/libsrcLib.a(usbd.c.obj) (tud_descriptor_device_cb)
srcLib/libsrcLib.a(dcd_rp2040.c.obj)
                              srcLib/libsrcLib.a(usbd.c.obj) (dcd_int_enable)
srcLib/libsrcLib.a(rp2040_usb.c.obj)
                              srcLib/libsrcLib.a(dcd_rp2040.c.obj) (e15_last_sof)
srcLib/libsrcLib.a(SEGGER_RTT.c.obj)
                              srcLib/libsrcLib.a(McuRTT.c.obj) (SEGGER_RTT_Write)
C:/Raspy/pico/sdk/toolchain/bin/../lib/gcc/arm-none-eabi/13.2.1/thumb/v6-m/nofp\libgcc.a(_dvmd_tls.o)
                              CMakeFiles/AEMBS_pico.dir/C_/Raspy/pico/sdk/pico-sdk/src/rp2_common/pico_divider/divider_hardware.S.obj (__aeabi_idiv0)
C:/Raspy/pico/sdk/toolchain/bin/../lib/gcc/arm-none-eabi/13.2.1/../../../../arm-none-eabi/lib/thumb/v6-m/nofp\libg.a(libc_a-atexit.o)
[...]
Memory Configuration

Name             Origin             Length             Attributes
FLASH            0x10000000         0x00200000         xr
RAM              0x20000000         0x00040000         xrw
SCRATCH_X        0x20040000         0x00001000         xrw
SCRATCH_Y        0x20041000         0x00001000         xrw
*default*        0x00000000         0xffffffff

Linker script and memory map

LOAD C:/Raspy/pico/sdk/toolchain/bin/../lib/gcc/arm-none-eabi/13.2.1/thumb/v6-m/nofp/crti.o
LOAD C:/Raspy/pico/sdk/toolchain/bin/../lib/gcc/arm-none-eabi/13.2.1/thumb/v6-m/nofp/crtbegin.o
LOAD C:/Raspy/pico/sdk/toolchain/bin/../lib/gcc/arm-none-eabi/13.2.1/../../../../arm-none-eabi/lib/thumb/v6-m/nofp/crt0.o

.flash_begin    0x10000000        0x0
                0x10000000                        __flash_binary_start = .

.boot2          0x10000000      0x100
                0x10000000                        __boot2_start__ = .
 *(.boot2)
 .boot2         0x10000000      0x100 C:\Users\Julian\AppData\Local\Temp\ccggcia9.o
                0x10000100                        __boot2_end__ = .
                0x00000001                        ASSERT (((__boot2_end__ - __boot2_start__) == 0x100), ERROR: Pico second stage bootloader must be 256 bytes in size)

.text           0x10000100     0x6f94
                0x10000100                        __logical_binary_start = .
 *(.vectors)
 .vectors       0x10000100       0xd4 CMakeFiles/AEMBS_pico.dir/C_/Raspy/pico/sdk/pico-sdk/src/rp2_common/pico_crt0/crt0.S.obj
                0x10000100                __VECTOR_TABLE
                0x10000100                __vectors
                0x100001c0                isr_invalid
                0x100001c0                __default_isrs_start
                0x100001c2                isr_nmi
                0x100001c4                isr_hardfault
                0x100001c6                isr_svcall
                0x100001c8                isr_pendsv
                0x100001ca                isr_systick
                0x100001cc                isr_irq23
                0x100001cc                isr_irq18
                0x100001cc                isr_irq11
                0x100001cc                isr_irq28
                0x100001cc                isr_irq19
                0x100001cc                isr_irq0
                0x100001cc                isr_irq6
                0x100001cc                isr_irq5
                0x100001cc                isr_irq12
                0x100001cc                isr_irq22
                0x100001cc                isr_irq31
                0x100001cc                isr_irq17
                0x100001cc                isr_irq27
                0x100001cc                isr_irq30
                0x100001cc                isr_irq2
                0x100001cc                isr_irq10
                0x100001cc                isr_irq8
                0x100001cc                isr_irq24
                0x100001cc                isr_irq1
                0x100001cc                isr_irq7
                0x100001cc                isr_irq21
                0x100001cc                isr_irq20
                0x100001cc                isr_irq15
                0x100001cc                isr_irq25
                0x100001cc                isr_irq13
                0x100001cc                __unhandled_user_irq
                0x100001cc                isr_irq4
                0x100001cc                isr_irq16
                0x100001cc                isr_irq29
                0x100001cc                isr_irq26
                0x100001cc                __default_isrs_end
                0x100001cc                isr_irq3
                0x100001cc                isr_irq14
                0x100001cc                isr_irq9
                0x100001d2                unhandled_user_irq_num_in_r0
 *(.binary_info_header)
 .binary_info_header
                0x100001d4       0x14 CMakeFiles/AEMBS_pico.dir/C_/Raspy/pico/sdk/pico-sdk/src/rp2_common/pico_crt0/crt0.S.obj
                0x100001e8                        __binary_info_header_end = .
 *(.embedded_block)
                0x100001e8                        __embedded_block_end = .
 *(.reset)
 .reset         0x100001e8       0x9c CMakeFiles/AEMBS_pico.dir/C_/Raspy/pico/sdk/pico-sdk/src/rp2_common/pico_crt0/crt0.S.obj
                0x100001e8                _entry_point
 *(.init)
 .init          0x10000284        0x4 C:/Raspy/pico/sdk/toolchain/bin/../lib/gcc/arm-none-eabi/13.2.1/thumb/v6-m/nofp/crti.o
                0x10000284                _init
 *(EXCLUDE_FILE(*libm.a: *libc.a:*lib_a-mem*.o *libgcc.a:) .text*)
 .text.frame_dummy
                0x10000288       0x20 C:/Raspy/pico/sdk/toolchain/bin/../lib/gcc/arm-none-eabi/13.2.1/thumb/v6-m/nofp/crtbegin.o
 .text.gpio_set_function
                0x100002a8       0x34 CMakeFiles/AEMBS_pico.dir/C_/Raspy/pico/sdk/pico-sdk/src/rp2_common/hardware_gpio/gpio.c.obj
                0x100002a8                gpio_set_function
 .text.gpio_set_pulls
                0x100002dc       0x38 CMakeFiles/AEMBS_pico.dir/C_/Raspy/pico/sdk/pico-sdk/src/rp2_common/hardware_gpio/gpio.c.obj
                0x100002dc                gpio_set_pulls
 .text.gpio_init
                0x10000314       0x16 CMakeFiles/AEMBS_pico.dir/C_/Raspy/pico/sdk/pico-sdk/src/rp2_common/hardware_gpio/gpio.c.obj
                0x10000314                gpio_init
 .text.gpio_deinit
                0x1000032a        0xa CMakeFiles/AEMBS_pico.dir/C_/Raspy/pico/sdk/pico-sdk/src/rp2_common/hardware_gpio/gpio.c.obj
                0x1000032a                gpio_deinit
 .text.rp2040_chip_version
                0x10000334       0x54 CMakeFiles/AEMBS_pico.dir/C_/Raspy/pico/sdk/pico-sdk/src/rp2040/pico_platform/platform.c.obj
                0x10000334                rp2040_chip_version
 .text.panic    0x10000388       0x30 CMakeFiles/AEMBS_pico.dir/C_/Raspy/pico/sdk/pico-sdk/src/rp2_common/pico_platform_panic/panic.c.obj
                0x10000388                panic
 .text.hw_claim_lock
                0x100003b8       0x18 CMakeFiles/AEMBS_pico.dir/C_/Raspy/pico/sdk/pico-sdk/src/common/hardware_claim/claim.c.obj
                0x100003b8                hw_claim_lock
 .text.hw_claim_unlock
                0x100003d0       0x14 CMakeFiles/AEMBS_pico.dir/C_/Raspy/pico/sdk/pico-sdk/src/common/hardware_claim/claim.c.obj
                0x100003d0                hw_claim_unlock
 .text.hw_claim_or_assert
                0x100003e4       0x32 CMakeFiles/AEMBS_pico.dir/C_/Raspy/pico/sdk/pico-sdk/src/common/hardware_claim/claim.c.obj
                0x100003e4                hw_claim_or_assert
 .text.hw_claim_unused_from_range
                0x10000416       0x50 CMakeFiles/AEMBS_pico.dir/C_/Raspy/pico/sdk/pico-sdk/src/common/hardware_claim/claim.c.obj
                0x10000416                hw_claim_unused_from_range
 *fill*         0x10000466        0x2 
 .text.next_striped_spin_lock_num
                0x10000468       0x1c CMakeFiles/AEMBS_pico.dir/C_/Raspy/pico/sdk/pico-sdk/src/rp2_common/hardware_sync/sync.c.obj
                0x10000468                next_striped_spin_lock_num
 .text.spin_lock_claim_unused
                0x10000484       0x24 CMakeFiles/AEMBS_pico.dir/C_/Raspy/pico/sdk/pico-sdk/src/rp2_common/hardware_sync/sync.c.obj
                0x10000484                spin_lock_claim_unused
 .text.spin_locks_reset
                0x100004a8       0x20 CMakeFiles/AEMBS_pico.dir/C_/Raspy/pico/sdk/pico-sdk/src/rp2_common/hardware_sync_spin_lock/sync_spin_lock.c.obj
                0x100004a8                spin_locks_reset
 .text.set_raw_irq_handler_and_unlock
                0x100004c8       0x28 CMakeFiles/AEMBS_pico.dir/C_/Raspy/pico/sdk/pico-sdk/src/rp2_common/hardware_irq/irq.c.obj
 .text.nvic_ipr0
                0x100004f0        0x8 CMakeFiles/AEMBS_pico.dir/C_/Raspy/pico/sdk/pico-sdk/src/rp2_common/hardware_irq/irq.c.obj
 .text.runtime_init_per_core_irq_priorities
                0x100004f8       0x1c CMakeFiles/AEMBS_pico.dir/C_/Raspy/pico/sdk/pico-sdk/src/rp2_common/hardware_irq/irq.c.obj
                0x100004f8                runtime_init_per_core_irq_priorities
 .text.resolve_j_16
                0x10000514       0x30 CMakeFiles/AEMBS_pico.dir/C_/Raspy/pico/sdk/pico-sdk/src/rp2_common/hardware_irq/irq.c.obj
 .text.make_j_16
                0x10000544       0x48 CMakeFiles/AEMBS_pico.dir/C_/Raspy/pico/sdk/pico-sdk/src/rp2_common/hardware_irq/irq.c.obj
 .text.irq_set_mask_n_enabled
                0x1000058c       0x1c CMakeFiles/AEMBS_pico.dir/C_/Raspy/pico/sdk/pico-sdk/src/rp2_common/hardware_irq/irq.c.obj
                0x1000058c                irq_set_mask_n_enabled
 .text.irq_set_enabled
                0x100005a8       0x14 CMakeFiles/AEMBS_pico.dir/C_/Raspy/pico/sdk/pico-sdk/src/rp2_common/hardware_irq/irq.c.obj
                0x100005a8                irq_set_enabled
 .text.irq_get_vtable_handler
                0x100005bc       0x10 CMakeFiles/AEMBS_pico.dir/C_/Raspy/pico/sdk/pico-sdk/src/rp2_common/hardware_irq/irq.c.obj
                0x100005bc                irq_get_vtable_handler
 .text.irq_set_exclusive_handler
                0x100005cc       0x54 CMakeFiles/AEMBS_pico.dir/C_/Raspy/pico/sdk/pico-sdk/src/rp2_common/hardware_irq/irq.c.obj
                0x100005cc                irq_set_exclusive_handler
 .text.irq_add_shared_handler
                0x10000620      0x218 CMakeFiles/AEMBS_pico.dir/C_/Raspy/pico/sdk/pico-sdk/src/rp2_common/hardware_irq/irq.c.obj
                0x10000620                irq_add_shared_handler
 .text.irq_add_tail_to_free_list
                0x10000838       0xf4 CMakeFiles/AEMBS_pico.dir/C_/Raspy/pico/sdk/pico-sdk/src/rp2_common/hardware_irq/irq.c.obj
                0x10000838                irq_add_tail_to_free_list
 .text.lock_init
                0x1000092c       0x10 CMakeFiles/AEMBS_pico.dir/C_/Raspy/pico/sdk/pico-sdk/src/common/pico_sync/lock_core.c.obj
                0x1000092c                lock_init
 .text.mutex_init
                0x1000093c       0x1a CMakeFiles/AEMBS_pico.dir/C_/Raspy/pico/sdk/pico-sdk/src/common/pico_sync/mutex.c.obj
                0x1000093c                mutex_init
 .text.recursive_mutex_init
                0x10000956       0x1e CMakeFiles/AEMBS_pico.dir/C_/Raspy/pico/sdk/pico-sdk/src/common/pico_sync/mutex.c.obj
                0x10000956                recursive_mutex_init
 .text.runtime_init_mutex
                0x10000974       0x4c CMakeFiles/AEMBS_pico.dir/C_/Raspy/pico/sdk/pico-sdk/src/common/pico_sync/mutex.c.obj
                0x10000974                runtime_init_mutex
 .text.critical_section_init_with_lock_num
                0x100009c0       0x14 CMakeFiles/AEMBS_pico.dir/C_/Raspy/pico/sdk/pico-sdk/src/common/pico_sync/critical_section.c.obj
                0x100009c0                critical_section_init_with_lock_num
 .text.critical_section_init
                0x100009d4       0x14 CMakeFiles/AEMBS_pico.dir/C_/Raspy/pico/sdk/pico-sdk/src/common/pico_sync/critical_section.c.obj
                0x100009d4                critical_section_init
 .text.make_alarm_id
                0x100009e8        0x6 CMakeFiles/AEMBS_pico.dir/C_/Raspy/pico/sdk/pico-sdk/src/common/pico_time/time.c.obj
 *fill*         0x100009ee        0x2 
 .text.sleep_until_callback
                0x100009f0       0x30 CMakeFiles/AEMBS_pico.dir/C_/Raspy/pico/sdk/pico-sdk/src/common/pico_time/time.c.obj
 .text.alarm_pool_irq_handler
                0x10000a20      0x2e0 CMakeFiles/AEMBS_pico.dir/C_/Raspy/pico/sdk/pico-sdk/src/common/pico_time/time.c.obj
 .text.ta_enable_irq_handler
                0x10000d00       0x2c CMakeFiles/AEMBS_pico.dir/C_/Raspy/pico/sdk/pico-sdk/src/common/pico_time/time.c.obj
 .text.alarm_pool_post_alloc_init
                0x10000d2c       0x78 CMakeFiles/AEMBS_pico.dir/C_/Raspy/pico/sdk/pico-sdk/src/common/pico_time/time.c.obj
 .text.alarm_pool_get_default
                0x10000da4       0x2c CMakeFiles/AEMBS_pico.dir/C_/Raspy/pico/sdk/pico-sdk/src/common/pico_time/time.c.obj
                0x10000da4                alarm_pool_get_default
 .text.alarm_pool_add_alarm_at_force_in_context
                0x10000dd0       0xa4 CMakeFiles/AEMBS_pico.dir/C_/Raspy/pico/sdk/pico-sdk/src/common/pico_time/time.c.obj
                0x10000dd0                alarm_pool_add_alarm_at_force_in_context
 .text.alarm_pool_add_alarm_at
                0x10000e74       0x3c CMakeFiles/AEMBS_pico.dir/C_/Raspy/pico/sdk/pico-sdk/src/common/pico_time/time.c.obj
                0x10000e74                alarm_pool_add_alarm_at
 .text.add_alarm_at
                0x10000eb0       0x2e CMakeFiles/AEMBS_pico.dir/C_/Raspy/pico/sdk/pico-sdk/src/common/pico_time/time.c.obj
 *fill*         0x10000ede        0x2 
 .text.alarm_pool_cancel_alarm
                0x10000ee0       0x78 CMakeFiles/AEMBS_pico.dir/C_/Raspy/pico/sdk/pico-sdk/src/common/pico_time/time.c.obj
                0x10000ee0                alarm_pool_cancel_alarm
 .text.cancel_alarm
                0x10000f58       0x10 CMakeFiles/AEMBS_pico.dir/C_/Raspy/pico/sdk/pico-sdk/src/common/pico_time/time.c.obj
 .text.best_effort_wfe_or_timeout
                0x10000f68       0xc4 CMakeFiles/AEMBS_pico.dir/C_/Raspy/pico/sdk/pico-sdk/src/common/pico_time/time.c.obj
                0x10000f68                best_effort_wfe_or_timeout
 .text.alarm_pool_get_default_timer
                0x1000102c        0x8 CMakeFiles/AEMBS_pico.dir/C_/Raspy/pico/sdk/pico-sdk/src/common/pico_time/time.c.obj
                0x1000102c                alarm_pool_get_default_timer
 .text.runtime_init_default_alarm_pool
                0x10001034       0x38 CMakeFiles/AEMBS_pico.dir/C_/Raspy/pico/sdk/pico-sdk/src/common/pico_time/time.c.obj
                0x10001034                runtime_init_default_alarm_pool
 .text.timer_hardware_alarm_claim
                0x1000106c       0x14 CMakeFiles/AEMBS_pico.dir/C_/Raspy/pico/sdk/pico-sdk/src/rp2_common/hardware_timer/timer.c.obj
                0x1000106c                timer_hardware_alarm_claim
 .text.timer_time_us_64
                0x10001080       0x10 CMakeFiles/AEMBS_pico.dir/C_/Raspy/pico/sdk/pico-sdk/src/rp2_common/hardware_timer/timer.c.obj
                0x10001080                timer_time_us_64
 .text.time_us_64
                0x10001090       0x10 CMakeFiles/AEMBS_pico.dir/C_/Raspy/pico/sdk/pico-sdk/src/rp2_common/hardware_timer/timer.c.obj
                0x10001090                time_us_64
 .text.clock_configure_internal
                0x100010a0       0xc4 CMakeFiles/AEMBS_pico.dir/C_/Raspy/pico/sdk/pico-sdk/src/rp2_common/hardware_clocks/clocks.c.obj
 .text.clock_configure_int_divider
                0x10001164       0x28 CMakeFiles/AEMBS_pico.dir/C_/Raspy/pico/sdk/pico-sdk/src/rp2_common/hardware_clocks/clocks.c.obj
                0x10001164                clock_configure_int_divider
 .text.clock_configure_undivided
                0x1000118c       0x12 CMakeFiles/AEMBS_pico.dir/C_/Raspy/pico/sdk/pico-sdk/src/rp2_common/hardware_clocks/clocks.c.obj
                0x1000118c                clock_configure_undivided
 *fill*         0x1000119e        0x2 
 .text.clock_get_hz
                0x100011a0        0xc CMakeFiles/AEMBS_pico.dir/C_/Raspy/pico/sdk/pico-sdk/src/rp2_common/hardware_clocks/clocks.c.obj
                0x100011a0                clock_get_hz
 .text.pll_init
                0x100011ac      0x124 CMakeFiles/AEMBS_pico.dir/C_/Raspy/pico/sdk/pico-sdk/src/rp2_common/hardware_pll/pll.c.obj
                0x100011ac                pll_init
 .text.tick_start
                0x100012d0       0x10 CMakeFiles/AEMBS_pico.dir/C_/Raspy/pico/sdk/pico-sdk/src/rp2_common/hardware_ticks/ticks.c.obj
                0x100012d0                tick_start
 .text.xosc_init
                0x100012e0       0x28 CMakeFiles/AEMBS_pico.dir/C_/Raspy/pico/sdk/pico-sdk/src/rp2_common/hardware_xosc/xosc.c.obj
                0x100012e0                xosc_init
 .text.runtime_run_initializers_from
                0x10001308       0x18 CMakeFiles/AEMBS_pico.dir/C_/Raspy/pico/sdk/pico-sdk/src/rp2_common/pico_runtime/runtime.c.obj
 .text.first_per_core_initializer
                0x10001320        0x2 CMakeFiles/AEMBS_pico.dir/C_/Raspy/pico/sdk/pico-sdk/src/rp2_common/pico_runtime/runtime.c.obj
 *fill*         0x10001322        0x2 
 .text.runtime_run_initializers
                0x10001324       0x10 CMakeFiles/AEMBS_pico.dir/C_/Raspy/pico/sdk/pico-sdk/src/rp2_common/pico_runtime/runtime.c.obj
                0x10001324                runtime_run_initializers
 .text.runtime_init_early_resets
                0x10001334       0x2c CMakeFiles/AEMBS_pico.dir/C_/Raspy/pico/sdk/pico-sdk/src/rp2_common/pico_runtime_init/runtime_init.c.obj
                0x10001334                runtime_init_early_resets
 .text.runtime_init_usb_power_down
                0x10001360       0x1c CMakeFiles/AEMBS_pico.dir/C_/Raspy/pico/sdk/pico-sdk/src/rp2_common/pico_runtime_init/runtime_init.c.obj
                0x10001360                runtime_init_usb_power_down
 .text.runtime_init_post_clock_resets
                0x1000137c       0x20 CMakeFiles/AEMBS_pico.dir/C_/Raspy/pico/sdk/pico-sdk/src/rp2_common/pico_runtime_init/runtime_init.c.obj
                0x1000137c                runtime_init_post_clock_resets
 .text.runtime_init_rp2040_gpio_ie_disable
                0x1000139c       0x14 CMakeFiles/AEMBS_pico.dir/C_/Raspy/pico/sdk/pico-sdk/src/rp2_common/pico_runtime_init/runtime_init.c.obj
                0x1000139c                runtime_init_rp2040_gpio_ie_disable
 .text.runtime_init_spin_locks_reset
                0x100013b0        0x8 CMakeFiles/AEMBS_pico.dir/C_/Raspy/pico/sdk/pico-sdk/src/rp2_common/pico_runtime_init/runtime_init.c.obj
                0x100013b0                runtime_init_spin_locks_reset
 .text.runtime_init_install_ram_vector_table
                0x100013b8       0x1c CMakeFiles/AEMBS_pico.dir/C_/Raspy/pico/sdk/pico-sdk/src/rp2_common/pico_runtime_init/runtime_init.c.obj
                0x100013b8                runtime_init_install_ram_vector_table
 .text.start_all_ticks
                0x100013d4       0x28 CMakeFiles/AEMBS_pico.dir/C_/Raspy/pico/sdk/pico-sdk/src/rp2_common/pico_runtime_init/runtime_init_clocks.c.obj
 .text.runtime_init_clocks
                0x100013fc       0xcc CMakeFiles/AEMBS_pico.dir/C_/Raspy/pico/sdk/pico-sdk/src/rp2_common/pico_runtime_init/runtime_init_clocks.c.obj
                0x100013fc                runtime_init_clocks
 .text          0x100014c8       0x10 CMakeFiles/AEMBS_pico.dir/C_/Raspy/pico/sdk/pico-sdk/src/rp2_common/pico_bit_ops/bit_ops_aeabi.S.obj
 .text.rom_func_lookup
                0x100014d8       0x10 CMakeFiles/AEMBS_pico.dir/C_/Raspy/pico/sdk/pico-sdk/src/rp2_common/pico_bootrom/bootrom.c.obj
                0x100014d8                rom_func_lookup
 .text.rom_data_lookup
                0x100014e8       0x10 CMakeFiles/AEMBS_pico.dir/C_/Raspy/pico/sdk/pico-sdk/src/rp2_common/pico_bootrom/bootrom.c.obj
                0x100014e8                rom_data_lookup
 .text.rom_funcs_lookup
                0x100014f8       0x36 CMakeFiles/AEMBS_pico.dir/C_/Raspy/pico/sdk/pico-sdk/src/rp2_common/pico_bootrom/bootrom.c.obj
                0x100014f8                rom_funcs_lookup
 *fill*         0x1000152e        0x2 
 .text.__wrap___aeabi_idiv
                0x10001530       0x50 CMakeFiles/AEMBS_pico.dir/C_/Raspy/pico/sdk/pico-sdk/src/rp2_common/pico_divider/divider_hardware.S.obj
                0x10001530                __wrap___aeabi_idivmod
                0x10001530                divmod_s32s32
                0x10001530                div_s32s32
                0x10001530                __wrap___aeabi_idiv
                0x10001538                divmod_s32s32_unsafe
                0x10001564                divmod_s32s32_savestate
 .text.__wrap___aeabi_uidiv
                0x10001580       0x4c CMakeFiles/AEMBS_pico.dir/C_/Raspy/pico/sdk/pico-sdk/src/rp2_common/pico_divider/divider_hardware.S.obj
                0x10001580                __wrap___aeabi_uidiv
                0x10001580                __wrap___aeabi_uidivmod
                0x10001580                div_u32u32
                0x10001580                divmod_u32u32
                0x10001588                divmod_u32u32_unsafe
                0x100015b0                divmod_u32u32_savestate
 .text.__wrap___aeabi_ldiv
                0x100015cc      0x424 CMakeFiles/AEMBS_pico.dir/C_/Raspy/pico/sdk/pico-sdk/src/rp2_common/pico_divider/divider_hardware.S.obj
                0x100015cc                div_s64s64
                0x100015cc                divmod_s64s64
                0x100015cc                __wrap___aeabi_ldivmod
                0x100015fc                divmod_u64u64
                0x100015fc                div_u64u64
                0x100015fc                __wrap___aeabi_uldivmod
                0x1000160c                divmod_u64u64_savestate
                0x1000162c                divmod_s64s64_unsafe
                0x100016b4                divmod_u64u64_unsafe
 .text.__wrap___aeabi_darithmetic
                0x100019f0       0x80 CMakeFiles/AEMBS_pico.dir/C_/Raspy/pico/sdk/pico-sdk/src/rp2_common/pico_double/double_aeabi_rp2040.S.obj
                0x100019f0                __wrap___aeabi_drsub
                0x100019f6                __wrap___aeabi_dsub
                0x10001a08                __wrap___aeabi_dadd
                0x10001a1a                __wrap___aeabi_ddiv
                0x10001a56                __wrap___aeabi_dmul
 .text.__wrap___aeabi_cdcmple
                0x10001a70       0x6c CMakeFiles/AEMBS_pico.dir/C_/Raspy/pico/sdk/pico-sdk/src/rp2_common/pico_double/double_aeabi_rp2040.S.obj
                0x10001a70                __wrap___aeabi_cdrcmple
                0x10001a80                __wrap___aeabi_cdcmpeq
                0x10001a80                __wrap___aeabi_cdcmple
 .text.__wrap___aeabi_dcmplt
                0x10001adc        0xc CMakeFiles/AEMBS_pico.dir/C_/Raspy/pico/sdk/pico-sdk/src/rp2_common/pico_double/double_aeabi_rp2040.S.obj
                0x10001adc                __wrap___aeabi_dcmplt
 .text.__wrap___aeabi_dcmple
                0x10001ae8       0x10 CMakeFiles/AEMBS_pico.dir/C_/Raspy/pico/sdk/pico-sdk/src/rp2_common/pico_double/double_aeabi_rp2040.S.obj
                0x10001ae8                __wrap___aeabi_dcmple
 .text.__wrap___aeabi_dcmpge
                0x10001af8       0x10 CMakeFiles/AEMBS_pico.dir/C_/Raspy/pico/sdk/pico-sdk/src/rp2_common/pico_double/double_aeabi_rp2040.S.obj
                0x10001af8                __wrap___aeabi_dcmpge
 .text.__wrap___aeabi_dcmpgt
                0x10001b08        0xa CMakeFiles/AEMBS_pico.dir/C_/Raspy/pico/sdk/pico-sdk/src/rp2_common/pico_double/double_aeabi_rp2040.S.obj
                0x10001b08                __wrap___aeabi_dcmpgt
 .text.__wrap___aeabi_dcmpun
                0x10001b12       0x18 CMakeFiles/AEMBS_pico.dir/C_/Raspy/pico/sdk/pico-sdk/src/rp2_common/pico_double/double_aeabi_rp2040.S.obj
                0x10001b12                __wrap___aeabi_dcmpun
 *fill*         0x10001b2a        0x2 
 .text.__wrap___aeabi_i2d
                0x10001b2c       0x38 CMakeFiles/AEMBS_pico.dir/C_/Raspy/pico/sdk/pico-sdk/src/rp2_common/pico_double/double_aeabi_rp2040.S.obj
                0x10001b2c                __wrap___aeabi_ui2d
                0x10001b34                __wrap___aeabi_i2d
 .text.__wrap___aeabi_d2iz
                0x10001b64       0x48 CMakeFiles/AEMBS_pico.dir/C_/Raspy/pico/sdk/pico-sdk/src/rp2_common/pico_double/double_aeabi_rp2040.S.obj
                0x10001b64                double2int_z
                0x10001b64                __wrap___aeabi_d2iz
 .text.__wrap___aeabi_d2uiz
                0x10001bac       0x18 CMakeFiles/AEMBS_pico.dir/C_/Raspy/pico/sdk/pico-sdk/src/rp2_common/pico_double/double_aeabi_rp2040.S.obj
                0x10001bac                __wrap___aeabi_d2uiz
                0x10001bac                double2uint
 .text.__aeabi_double_init
                0x10001bc4       0xcc CMakeFiles/AEMBS_pico.dir/C_/Raspy/pico/sdk/pico-sdk/src/rp2_common/pico_double/double_init_rom_rp2040.c.obj
                0x10001bc4                __aeabi_double_init
 .text.double_table_shim_on_use_helper
                0x10001c90       0x34 CMakeFiles/AEMBS_pico.dir/C_/Raspy/pico/sdk/pico-sdk/src/rp2_common/pico_double/double_v1_rom_shim_rp2040.S.obj
                0x10001c90                double_table_shim_on_use_helper
 .text.__wrap___aeabi_dsub
                0x10001cc4       0x10 CMakeFiles/AEMBS_pico.dir/C_/Raspy/pico/sdk/pico-sdk/src/rp2_common/pico_double/double_v1_rom_shim_rp2040.S.obj
                0x10001cc4                drsub_shim
                0x10001cca                dsub_shim
 .text.dadd_shim
                0x10001cd4      0x15c CMakeFiles/AEMBS_pico.dir/C_/Raspy/pico/sdk/pico-sdk/src/rp2_common/pico_double/double_v1_rom_shim_rp2040.S.obj
                0x10001cd4                dadd_shim
 .text.dmul_shim
                0x10001e30      0x15c CMakeFiles/AEMBS_pico.dir/C_/Raspy/pico/sdk/pico-sdk/src/rp2_common/pico_double/double_v1_rom_shim_rp2040.S.obj
                0x10001e30                dmul_shim
 .text.ddiv_shim
                0x10001f8c      0x1b0 CMakeFiles/AEMBS_pico.dir/C_/Raspy/pico/sdk/pico-sdk/src/rp2_common/pico_double/double_v1_rom_shim_rp2040.S.obj
                0x10001f8c                ddiv_shim
 .text.double2uint_shim
                0x1000213c        0xe CMakeFiles/AEMBS_pico.dir/C_/Raspy/pico/sdk/pico-sdk/src/rp2_common/pico_double/double_v1_rom_shim_rp2040.S.obj
                0x1000213c                double2uint_shim
                0x1000213e                double2ufix_shim
 *fill*         0x1000214a        0x2 
 .text.double2uint64_shim
                0x1000214c       0x70 CMakeFiles/AEMBS_pico.dir/C_/Raspy/pico/sdk/pico-sdk/src/rp2_common/pico_double/double_v1_rom_shim_rp2040.S.obj
                0x1000214c                double2uint64_shim
                0x1000214e                double2ufix64_shim
                0x1000216e                d2fix_a
 .text.dunpacks
                0x100021bc       0x3c CMakeFiles/AEMBS_pico.dir/C_/Raspy/pico/sdk/pico-sdk/src/rp2_common/pico_double/double_v1_rom_shim_rp2040.S.obj
                0x100021bc                dunpacks
 .text.__aeabi_lmul
                0x100021f8       0x32 CMakeFiles/AEMBS_pico.dir/C_/Raspy/pico/sdk/pico-sdk/src/rp2_common/pico_int64_ops/pico_int64_ops_aeabi.S.obj
                0x100021f8                __wrap___aeabi_lmul
 *fill*         0x1000222a        0x2 
 .text.__aeabi_float_init
                0x1000222c       0xfc CMakeFiles/AEMBS_pico.dir/C_/Raspy/pico/sdk/pico-sdk/src/rp2_common/pico_float/float_init_rom_rp2040.c.obj
                0x1000222c                __aeabi_float_init
 .text.float_table_shim_on_use_helper
                0x10002328       0x34 CMakeFiles/AEMBS_pico.dir/C_/Raspy/pico/sdk/pico-sdk/src/rp2_common/pico_float/float_v1_rom_shim_rp2040.S.obj
                0x10002328                float_table_shim_on_use_helper
 .text.check_alloc
                0x1000235c       0x20 CMakeFiles/AEMBS_pico.dir/C_/Raspy/pico/sdk/pico-sdk/src/rp2_common/pico_malloc/malloc.c.obj
 .text.__wrap_malloc
                0x1000237c       0x14 CMakeFiles/AEMBS_pico.dir/C_/Raspy/pico/sdk/pico-sdk/src/rp2_common/pico_malloc/malloc.c.obj
                0x1000237c                __wrap_malloc
 .text.__wrap_free
                0x10002390        0x8 CMakeFiles/AEMBS_pico.dir/C_/Raspy/pico/sdk/pico-sdk/src/rp2_common/pico_malloc/malloc.c.obj
                0x10002390                __wrap_free
 .text          0x10002398       0x10 CMakeFiles/AEMBS_pico.dir/C_/Raspy/pico/sdk/pico-sdk/src/rp2_common/pico_mem_ops/mem_ops_aeabi.S.obj
                0x10002398                __aeabi_mem_init
 .text.memset   0x100023a8        0xc CMakeFiles/AEMBS_pico.dir/C_/Raspy/pico/sdk/pico-sdk/src/rp2_common/pico_mem_ops/mem_ops_aeabi.S.obj
                0x100023a8                __wrap_memset
 .text.memcpy   0x100023b4        0xc CMakeFiles/AEMBS_pico.dir/C_/Raspy/pico/sdk/pico-sdk/src/rp2_common/pico_mem_ops/mem_ops_aeabi.S.obj
                0x100023b4                __wrap_memcpy
                0x100023b4                __wrap___aeabi_memcpy
 .text._out_null
                0x100023c0        0x2 CMakeFiles/AEMBS_pico.dir/C_/Raspy/pico/sdk/pico-sdk/src/rp2_common/pico_printf/printf.c.obj
 .text._out_fct
                0x100023c2        0xe CMakeFiles/AEMBS_pico.dir/C_/Raspy/pico/sdk/pico-sdk/src/rp2_common/pico_printf/printf.c.obj
 .text._atoi    0x100023d0       0x24 CMakeFiles/AEMBS_pico.dir/C_/Raspy/pico/sdk/pico-sdk/src/rp2_common/pico_printf/printf.c.obj
 .text._out_rev
                0x100023f4       0xae CMakeFiles/AEMBS_pico.dir/C_/Raspy/pico/sdk/pico-sdk/src/rp2_common/pico_printf/printf.c.obj
 .text._ntoa_format
                0x100024a2      0x110 CMakeFiles/AEMBS_pico.dir/C_/Raspy/pico/sdk/pico-sdk/src/rp2_common/pico_printf/printf.c.obj
 .text._ntoa_long
                0x100025b2       0xbc CMakeFiles/AEMBS_pico.dir/C_/Raspy/pico/sdk/pico-sdk/src/rp2_common/pico_printf/printf.c.obj
 .text._ntoa_long_long
                0x1000266e      0x10e CMakeFiles/AEMBS_pico.dir/C_/Raspy/pico/sdk/pico-sdk/src/rp2_common/pico_printf/printf.c.obj
 .text._etoa    0x1000277c      0x420 CMakeFiles/AEMBS_pico.dir/C_/Raspy/pico/sdk/pico-sdk/src/rp2_common/pico_printf/printf.c.obj
 .text._ftoa    0x10002b9c      0x354 CMakeFiles/AEMBS_pico.dir/C_/Raspy/pico/sdk/pico-sdk/src/rp2_common/pico_printf/printf.c.obj
 .text._vsnprintf
                0x10002ef0      0x668 CMakeFiles/AEMBS_pico.dir/C_/Raspy/pico/sdk/pico-sdk/src/rp2_common/pico_printf/printf.c.obj
 .text.vfctprintf
                0x10003558       0x20 CMakeFiles/AEMBS_pico.dir/C_/Raspy/pico/sdk/pico-sdk/src/rp2_common/pico_printf/printf.c.obj
                0x10003558                vfctprintf
 .text._exit    0x10003578        0x4 CMakeFiles/AEMBS_pico.dir/C_/Raspy/pico/sdk/pico-sdk/src/rp2_common/pico_clib_interface/newlib_interface.c.obj
                0x10003578                _exit
 .text._sbrk    0x1000357c       0x38 CMakeFiles/AEMBS_pico.dir/C_/Raspy/pico/sdk/pico-sdk/src/rp2_common/pico_clib_interface/newlib_interface.c.obj
                0x1000357c                _sbrk
 .text.exit     0x100035b4        0x6 CMakeFiles/AEMBS_pico.dir/C_/Raspy/pico/sdk/pico-sdk/src/rp2_common/pico_clib_interface/newlib_interface.c.obj
                0x100035b4                exit
 *fill*         0x100035ba        0x2 
 .text.__assert_func
                0x100035bc       0x38 CMakeFiles/AEMBS_pico.dir/C_/Raspy/pico/sdk/pico-sdk/src/rp2_common/pico_clib_interface/newlib_interface.c.obj
                0x100035bc                __assert_func
 .text.runtime_init
                0x100035f4       0x28 CMakeFiles/AEMBS_pico.dir/C_/Raspy/pico/sdk/pico-sdk/src/rp2_common/pico_clib_interface/newlib_interface.c.obj
                0x100035f4                runtime_init
 .text.stdio_out_chars_no_crlf
                0x1000361c        0xe CMakeFiles/AEMBS_pico.dir/C_/Raspy/pico/sdk/pico-sdk/src/rp2_common/pico_stdio/stdio.c.obj
 *fill*         0x1000362a        0x2 
 .text.stdio_out_chars_crlf
                0x1000362c       0x80 CMakeFiles/AEMBS_pico.dir/C_/Raspy/pico/sdk/pico-sdk/src/rp2_common/pico_stdio/stdio.c.obj
 .text.stdio_stack_buffer_flush
                0x100036ac       0x44 CMakeFiles/AEMBS_pico.dir/C_/Raspy/pico/sdk/pico-sdk/src/rp2_common/pico_stdio/stdio.c.obj
 .text.stdio_buffered_printer
                0x100036f0       0x20 CMakeFiles/AEMBS_pico.dir/C_/Raspy/pico/sdk/pico-sdk/src/rp2_common/pico_stdio/stdio.c.obj
 .text.stdout_serialize_begin
                0x10003710       0x30 CMakeFiles/AEMBS_pico.dir/C_/Raspy/pico/sdk/pico-sdk/src/rp2_common/pico_stdio/stdio.c.obj
                0x10003710                stdout_serialize_begin
 .text.stdout_serialize_end
                0x10003740       0x10 CMakeFiles/AEMBS_pico.dir/C_/Raspy/pico/sdk/pico-sdk/src/rp2_common/pico_stdio/stdio.c.obj
                0x10003740                stdout_serialize_end
 .text.stdio_put_string
                0x10003750       0x94 CMakeFiles/AEMBS_pico.dir/C_/Raspy/pico/sdk/pico-sdk/src/rp2_common/pico_stdio/stdio.c.obj
                0x10003750                stdio_put_string
 .text.stdio_flush
                0x100037e4       0x20 CMakeFiles/AEMBS_pico.dir/C_/Raspy/pico/sdk/pico-sdk/src/rp2_common/pico_stdio/stdio.c.obj
                0x100037e4                stdio_flush
 .text.__wrap_puts
                0x10003804       0x1e CMakeFiles/AEMBS_pico.dir/C_/Raspy/pico/sdk/pico-sdk/src/rp2_common/pico_stdio/stdio.c.obj
                0x10003804                stdio_puts
                0x10003804                __wrap_puts
 *fill*         0x10003822        0x2 
 .text.__wrap_vprintf
                0x10003824       0x40 CMakeFiles/AEMBS_pico.dir/C_/Raspy/pico/sdk/pico-sdk/src/rp2_common/pico_stdio/stdio.c.obj
                0x10003824                stdio_vprintf
                0x10003824                __wrap_vprintf
 .text.__wrap_printf
                0x10003864       0x18 CMakeFiles/AEMBS_pico.dir/C_/Raspy/pico/sdk/pico-sdk/src/rp2_common/pico_stdio/stdio.c.obj
                0x10003864                __wrap_printf
                0x10003864                stdio_printf
 .text.main     0x1000387c        0x8 srcLib/libsrcLib.a(main.c.obj)
                0x1000387c                main
 .text.App_Run  0x10003884       0x10 srcLib/libsrcLib.a(application.c.obj)
                0x10003884                App_Run
 .text.delay    0x10003894       0x20 srcLib/libsrcLib.a(blinky_rp_sdk.c.obj)
 .text.blinky_sdk_rp
                0x100038b4       0x28 srcLib/libsrcLib.a(blinky_rp_sdk.c.obj)
                0x100038b4                blinky_sdk_rp
 .text.PL_Init  0x100038dc       0x64 srcLib/libsrcLib.a(platform.c.obj)
                0x100038dc                PL_Init
 .text.PL_Deinit
                0x10003940       0x44 srcLib/libsrcLib.a(platform.c.obj)
                0x10003940                PL_Deinit
 .text.McuSystemView_Init
                0x10003984        0x2 srcLib/libsrcLib.a(McuSystemView.c.obj)
                0x10003984                McuSystemView_Init
 .text.McuSystemView_Deinit
                0x10003986        0x2 srcLib/libsrcLib.a(McuSystemView.c.obj)
                0x10003986                McuSystemView_Deinit
 .text.McuArmTools_Deinit
                0x10003988        0x2 srcLib/libsrcLib.a(McuArmTools.c.obj)
                0x10003988                McuArmTools_Deinit
 .text.McuArmTools_Init
                0x1000398a        0x2 srcLib/libsrcLib.a(McuArmTools.c.obj)
                0x1000398a                McuArmTools_Init
 .text.McuBtn_Deinit
                0x1000398c        0x2 srcLib/libsrcLib.a(McuButton.c.obj)
                0x1000398c                McuBtn_Deinit
 .text.McuBtn_Init
                0x1000398e        0x2 srcLib/libsrcLib.a(McuButton.c.obj)
                0x1000398e                McuBtn_Init
 .text.McuDbnc_Deinit
                0x10003990        0x2 srcLib/libsrcLib.a(McuDebounce.c.obj)
                0x10003990                McuDbnc_Deinit
 .text.McuDbnc_Init
                0x10003992        0x2 srcLib/libsrcLib.a(McuDebounce.c.obj)
                0x10003992                McuDbnc_Init
 .text.McuGPIO_ConfigurePin
                0x10003994       0x38 srcLib/libsrcLib.a(McuGPIO.c.obj)
 .text.McuGPIO_GetDefaultConfig
                0x100039cc       0x2c srcLib/libsrcLib.a(McuGPIO.c.obj)
                0x100039cc                McuGPIO_GetDefaultConfig
 .text.McuGPIO_DeinitGPIO
                0x100039f8       0x30 srcLib/libsrcLib.a(McuGPIO.c.obj)
                0x100039f8                McuGPIO_DeinitGPIO
 .text.McuGPIO_SetLow
                0x10003a28       0x30 srcLib/libsrcLib.a(McuGPIO.c.obj)
                0x10003a28                McuGPIO_SetLow
 .text.McuGPIO_SetHigh
                0x10003a58       0x30 srcLib/libsrcLib.a(McuGPIO.c.obj)
                0x10003a58                McuGPIO_SetHigh
 .text.McuGPIO_SetPullResistor
                0x10003a88       0x32 srcLib/libsrcLib.a(McuGPIO.c.obj)
                0x10003a88                McuGPIO_SetPullResistor
 *fill*         0x10003aba        0x2 
 .text.McuGPIO_InitGPIO
                0x10003abc       0x70 srcLib/libsrcLib.a(McuGPIO.c.obj)
                0x10003abc                McuGPIO_InitGPIO
 .text.McuGPIO_Init
                0x10003b2c        0x2 srcLib/libsrcLib.a(McuGPIO.c.obj)
                0x10003b2c                McuGPIO_Init
 .text.McuGPIO_Deinit
                0x10003b2e        0x2 srcLib/libsrcLib.a(McuGPIO.c.obj)
                0x10003b2e                McuGPIO_Deinit
 .text.McuGenericI2C_Init
                0x10003b30        0x2 srcLib/libsrcLib.a(McuGenericI2C.c.obj)
                0x10003b30                McuGenericI2C_Init
 .text.McuGenericI2C_Deinit
                0x10003b32        0x2 srcLib/libsrcLib.a(McuGenericI2C.c.obj)
                0x10003b32                McuGenericI2C_Deinit
 .text.McuI2cLib_ReleaseBus
                0x10003b34      0x1b8 srcLib/libsrcLib.a(McuI2cLib.c.obj)
 .text.McuI2cLib_ConfigureI2cPins
                0x10003cec       0x28 srcLib/libsrcLib.a(McuI2cLib.c.obj)
 .text.McuI2cLib_Deinit
                0x10003d14        0x2 srcLib/libsrcLib.a(McuI2cLib.c.obj)
                0x10003d14                McuI2cLib_Deinit
 *fill*         0x10003d16        0x2 
 .text.McuI2cLib_Init
                0x10003d18       0x1c srcLib/libsrcLib.a(McuI2cLib.c.obj)
                0x10003d18                McuI2cLib_Init
 .text.McuLED_Init
                0x10003d34        0x2 srcLib/libsrcLib.a(McuLED.c.obj)
                0x10003d34                McuLED_Init
 .text.McuLED_Deinit
                0x10003d36        0x2 srcLib/libsrcLib.a(McuLED.c.obj)
                0x10003d36                McuLED_Deinit
 .text.McuLib_Init
                0x10003d38        0x2 srcLib/libsrcLib.a(McuLib.c.obj)
                0x10003d38                McuLib_Init
 .text.McuLib_Deinit
                0x10003d3a        0x2 srcLib/libsrcLib.a(McuLib.c.obj)
                0x10003d3a                McuLib_Deinit
 .text.OutString
                0x10003d3c       0x18 srcLib/libsrcLib.a(McuLog.c.obj)
 .text.OutputCharFctConsole
                0x10003d54       0x24 srcLib/libsrcLib.a(McuLog.c.obj)
 .text.LogHeader
                0x10003d78       0xbc srcLib/libsrcLib.a(McuLog.c.obj)
 .text.McuLog_set_console
                0x10003e34       0x2c srcLib/libsrcLib.a(McuLog.c.obj)
                0x10003e34                McuLog_set_console
 .text.McuLog_set_level
                0x10003e60        0xc srcLib/libsrcLib.a(McuLog.c.obj)
                0x10003e60                McuLog_set_level
 .text.McuLog_log
                0x10003e6c       0x88 srcLib/libsrcLib.a(McuLog.c.obj)
                0x10003e6c                McuLog_log
 .text.McuLog_Init
                0x10003ef4       0x28 srcLib/libsrcLib.a(McuLog.c.obj)
                0x10003ef4                McuLog_Init
 .text.McuLog_Deinit
                0x10003f1c        0x2 srcLib/libsrcLib.a(McuLog.c.obj)
                0x10003f1c                McuLog_Deinit
 *fill*         0x10003f1e        0x2 
 .text.McuRB_GetDefaultconfig
                0x10003f20       0x44 srcLib/libsrcLib.a(McuRB.c.obj)
                0x10003f20                McuRB_GetDefaultconfig
 .text.McuRB_InitRB
                0x10003f64       0x68 srcLib/libsrcLib.a(McuRB.c.obj)
                0x10003f64                McuRB_InitRB
 .text.McuRB_DeinitRB
                0x10003fcc       0x48 srcLib/libsrcLib.a(McuRB.c.obj)
                0x10003fcc                McuRB_DeinitRB
 .text.McuRB_NofElements
                0x10004014       0x24 srcLib/libsrcLib.a(McuRB.c.obj)
                0x10004014                McuRB_NofElements
 .text.McuRB_Put
                0x10004038       0x70 srcLib/libsrcLib.a(McuRB.c.obj)
                0x10004038                McuRB_Put
 .text.McuRB_Putn
                0x100040a8       0x24 srcLib/libsrcLib.a(McuRB.c.obj)
                0x100040a8                McuRB_Putn
 .text.McuRB_Get
                0x100040cc       0x74 srcLib/libsrcLib.a(McuRB.c.obj)
                0x100040cc                McuRB_Get
 .text.McuRB_Deinit
                0x10004140        0x2 srcLib/libsrcLib.a(McuRB.c.obj)
                0x10004140                McuRB_Deinit
 .text.McuRB_Init
                0x10004142        0x2 srcLib/libsrcLib.a(McuRB.c.obj)
                0x10004142                McuRB_Init
 .text.McuRTOS_Deinit
                0x10004144        0x2 srcLib/libsrcLib.a(McuRTOS.c.obj)
                0x10004144                McuRTOS_Deinit
 .text.McuRTOS_Init
                0x10004146        0x2 srcLib/libsrcLib.a(McuRTOS.c.obj)
                0x10004146                McuRTOS_Init
 .text.McuRTT_StdIOKeyPressed
                0x10004148        0xe srcLib/libsrcLib.a(McuRTT.c.obj)
                0x10004148                McuRTT_StdIOKeyPressed
 .text.McuRTT_StdIOReadChar
                0x10004156       0x16 srcLib/libsrcLib.a(McuRTT.c.obj)
                0x10004156                McuRTT_StdIOReadChar
 .text.McuRTT_StdIOSendChar
                0x1000416c       0x54 srcLib/libsrcLib.a(McuRTT.c.obj)
                0x1000416c                McuRTT_StdIOSendChar
 .text.McuRTT_Deinit
                0x100041c0        0x2 srcLib/libsrcLib.a(McuRTT.c.obj)
                0x100041c0                McuRTT_Deinit
 .text.McuRTT_Init
                0x100041c2        0x8 srcLib/libsrcLib.a(McuRTT.c.obj)
                0x100041c2                McuRTT_Init
 *fill*         0x100041ca        0x2 
 .text.McuRTT_GetStdio
                0x100041cc        0x8 srcLib/libsrcLib.a(McuRTT.c.obj)
                0x100041cc                McuRTT_GetStdio
 .text.McuSHT31_Init
                0x100041d4        0x2 srcLib/libsrcLib.a(McuSHT31.c.obj)
                0x100041d4                McuSHT31_Init
 .text.McuSHT31_Deinit
                0x100041d6        0x2 srcLib/libsrcLib.a(McuSHT31.c.obj)
                0x100041d6                McuSHT31_Deinit
 .text.McuShell_GetStdio
                0x100041d8        0xc srcLib/libsrcLib.a(McuShell.c.obj)
                0x100041d8                McuShell_GetStdio
 .text.McuShellCdcDevice_ReceiveChar
                0x100041e4       0x2c srcLib/libsrcLib.a(McuShellCdcDevice.c.obj)
 .text.McuShellCdcDevice_CharPresent
                0x10004210       0x18 srcLib/libsrcLib.a(McuShellCdcDevice.c.obj)
 .text.McuShellCdcDevice_SetBufferRxCharCallback
                0x10004228        0xc srcLib/libsrcLib.a(McuShellCdcDevice.c.obj)
                0x10004228                McuShellCdcDevice_SetBufferRxCharCallback
 .text.McuShellCdcDevice_QueueChar
                0x10004234       0x34 srcLib/libsrcLib.a(McuShellCdcDevice.c.obj)
                0x10004234                McuShellCdcDevice_QueueChar
 .text.McuShellCdcDevice_GetStdio
                0x10004268        0x8 srcLib/libsrcLib.a(McuShellCdcDevice.c.obj)
                0x10004268                McuShellCdcDevice_GetStdio
 .text.McuShellCdcDevice_Flush
                0x10004270        0xa srcLib/libsrcLib.a(McuShellCdcDevice.c.obj)
                0x10004270                McuShellCdcDevice_Flush
 .text.McuShellCdcDevice_IsReady
                0x1000427a        0xa srcLib/libsrcLib.a(McuShellCdcDevice.c.obj)
                0x1000427a                McuShellCdcDevice_IsReady
 .text.McuShellCdcDevice_SendChar
                0x10004284       0x40 srcLib/libsrcLib.a(McuShellCdcDevice.c.obj)
 .text.tud_cdc_rx_cb
                0x100042c4       0x30 srcLib/libsrcLib.a(McuShellCdcDevice.c.obj)
                0x100042c4                tud_cdc_rx_cb
 .text.McuShellCdcDevice_Deinit
                0x100042f4       0x18 srcLib/libsrcLib.a(McuShellCdcDevice.c.obj)
                0x100042f4                McuShellCdcDevice_Deinit
 .text.McuShellCdcDevice_Init
                0x1000430c       0x30 srcLib/libsrcLib.a(McuShellCdcDevice.c.obj)
                0x1000430c                McuShellCdcDevice_Init
 .text.McuUtility_strcat
                0x1000433c       0x2c srcLib/libsrcLib.a(McuUtility.c.obj)
                0x1000433c                McuUtility_strcat
 .text.McuUtility_chcat
                0x10004368       0x20 srcLib/libsrcLib.a(McuUtility.c.obj)
                0x10004368                McuUtility_chcat
 .text.McuUtility_Num32uToStr
                0x10004388       0x80 srcLib/libsrcLib.a(McuUtility.c.obj)
                0x10004388                McuUtility_Num32uToStr
 .text.McuUtility_strcatNum32u
                0x10004408       0x1e srcLib/libsrcLib.a(McuUtility.c.obj)
                0x10004408                McuUtility_strcatNum32u
 .text.McuUtility_strcatPad
                0x10004426       0x62 srcLib/libsrcLib.a(McuUtility.c.obj)
                0x10004426                McuUtility_strcatPad
 .text.McuWait_Wait10Cycles
                0x10004488        0x8 srcLib/libsrcLib.a(McuWait.c.obj)
                0x10004488                McuWait_Wait10Cycles
 .text.McuWait_Wait100Cycles
                0x10004490       0x24 srcLib/libsrcLib.a(McuWait.c.obj)
                0x10004490                McuWait_Wait100Cycles
 .text.McuWait_WaitCycles
                0x100044b4       0x2e srcLib/libsrcLib.a(McuWait.c.obj)
                0x100044b4                McuWait_WaitCycles
 *fill*         0x100044e2        0x2 
 .text.McuWait_WaitLongCycles
                0x100044e4       0x28 srcLib/libsrcLib.a(McuWait.c.obj)
                0x100044e4                McuWait_WaitLongCycles
 .text.McuWait_Waitms
                0x1000450c       0x28 srcLib/libsrcLib.a(McuWait.c.obj)
                0x1000450c                McuWait_Waitms
 .text.McuWait_Init
                0x10004534        0x2 srcLib/libsrcLib.a(McuWait.c.obj)
                0x10004534                McuWait_Init
 .text.McuWait_Deinit
                0x10004536        0x2 srcLib/libsrcLib.a(McuWait.c.obj)
                0x10004536                McuWait_Deinit
 .text.ulong2a  0x10004538       0x78 srcLib/libsrcLib.a(McuXFormat.c.obj)
 .text.xstrlen  0x100045b0       0x10 srcLib/libsrcLib.a(McuXFormat.c.obj)
 .text.outBuffer
                0x100045c0       0x4c srcLib/libsrcLib.a(McuXFormat.c.obj)
 .text.outChars
                0x1000460c       0x28 srcLib/libsrcLib.a(McuXFormat.c.obj)
 .text.McuXFormat_xvformat
                0x10004634      0x5c0 srcLib/libsrcLib.a(McuXFormat.c.obj)
                0x10004634                McuXFormat_xvformat
 .text._retrieve_unique_id_on_boot
                0x10004bf4       0x10 srcLib/libsrcLib.a(unique_id.c.obj)
 .text.flash_get_unique_id
                0x10004c04       0x40 srcLib/libsrcLib.a(flash.c.obj)
                0x10004c04                flash_get_unique_id
 .text.critical_section_enter_blocking
                0x10004c44       0x16 srcLib/libsrcLib.a(usbd.c.obj)
 .text.tud_event_hook_cb
                0x10004c5a        0x2 srcLib/libsrcLib.a(usbd.c.obj)
                0x10004c5a                tud_event_hook_cb
 .text.tud_mounted
                0x10004c5c       0x10 srcLib/libsrcLib.a(usbd.c.obj)
                0x10004c5c                tud_mounted
 .text.tud_suspended
                0x10004c6c       0x10 srcLib/libsrcLib.a(usbd.c.obj)
                0x10004c6c                tud_suspended
 .text.tud_inited
                0x10004c7c       0x14 srcLib/libsrcLib.a(usbd.c.obj)
                0x10004c7c                tud_inited
 .text.tud_init
                0x10004c90       0xd4 srcLib/libsrcLib.a(usbd.c.obj)
                0x10004c90                tud_init
 .text.usbd_edpt_open
                0x10004d64       0x60 srcLib/libsrcLib.a(usbd.c.obj)
                0x10004d64                usbd_edpt_open
 .text.usbd_open_edpt_pair
                0x10004dc4       0x8c srcLib/libsrcLib.a(usbd.c.obj)
                0x10004dc4                usbd_open_edpt_pair
 .text.usbd_edpt_claim
                0x10004e50       0x28 srcLib/libsrcLib.a(usbd.c.obj)
                0x10004e50                usbd_edpt_claim
 .text.usbd_edpt_release
                0x10004e78       0x28 srcLib/libsrcLib.a(usbd.c.obj)
                0x10004e78                usbd_edpt_release
 .text.usbd_edpt_xfer
                0x10004ea0       0x88 srcLib/libsrcLib.a(usbd.c.obj)
                0x10004ea0                usbd_edpt_xfer
 .text._status_stage_xact
                0x10004f28       0x1a srcLib/libsrcLib.a(usbd_control.c.obj)
 *fill*         0x10004f42        0x2 
 .text._data_stage_xact
                0x10004f44       0x60 srcLib/libsrcLib.a(usbd_control.c.obj)
 .text.tud_control_status
                0x10004fa4       0x28 srcLib/libsrcLib.a(usbd_control.c.obj)
                0x10004fa4                tud_control_status
 .text.tud_control_xfer
                0x10004fcc       0x98 srcLib/libsrcLib.a(usbd_control.c.obj)
                0x10004fcc                tud_control_xfer
 .text._prep_out_transaction
                0x10005064       0x72 srcLib/libsrcLib.a(cdc_device.c.obj)
 *fill*         0x100050d6        0x2 
 .text.tud_cdc_n_ready
                0x100050d8       0x4c srcLib/libsrcLib.a(cdc_device.c.obj)
                0x100050d8                tud_cdc_n_ready
 .text.tud_cdc_n_read
                0x10005124       0x38 srcLib/libsrcLib.a(cdc_device.c.obj)
                0x10005124                tud_cdc_n_read
 .text.tud_cdc_n_write_flush
                0x1000515c       0xcc srcLib/libsrcLib.a(cdc_device.c.obj)
                0x1000515c                tud_cdc_n_write_flush
 .text.tud_cdc_n_write
                0x10005228       0x48 srcLib/libsrcLib.a(cdc_device.c.obj)
                0x10005228                tud_cdc_n_write
 .text.tud_cdc_n_write_available
                0x10005270       0x1c srcLib/libsrcLib.a(cdc_device.c.obj)
                0x10005270                tud_cdc_n_write_available
 .text.cdcd_init
                0x1000528c       0xc0 srcLib/libsrcLib.a(cdc_device.c.obj)
                0x1000528c                cdcd_init
 .text.cdcd_deinit
                0x1000534c       0x50 srcLib/libsrcLib.a(cdc_device.c.obj)
                0x1000534c                cdcd_deinit
 .text.cdcd_reset
                0x1000539c       0x78 srcLib/libsrcLib.a(cdc_device.c.obj)
                0x1000539c                cdcd_reset
 .text.cdcd_open
                0x10005414       0xf0 srcLib/libsrcLib.a(cdc_device.c.obj)
                0x10005414                cdcd_open
 .text.cdcd_control_xfer_cb
                0x10005504      0x138 srcLib/libsrcLib.a(cdc_device.c.obj)
                0x10005504                cdcd_control_xfer_cb
 .text.cdcd_xfer_cb
                0x1000563c      0x144 srcLib/libsrcLib.a(cdc_device.c.obj)
                0x1000563c                cdcd_xfer_cb
 .text.tu_edpt_claim
                0x10005780       0x50 srcLib/libsrcLib.a(tusb.c.obj)
                0x10005780                tu_edpt_claim
 .text.tu_edpt_release
                0x100057d0       0x38 srcLib/libsrcLib.a(tusb.c.obj)
                0x100057d0                tu_edpt_release
 .text.tu_edpt_validate
                0x10005808       0xac srcLib/libsrcLib.a(tusb.c.obj)
                0x10005808                tu_edpt_validate
 .text.advance_index
                0x100058b4       0x1a srcLib/libsrcLib.a(tusb_fifo.c.obj)
 .text._ff_pull_n
                0x100058ce       0x68 srcLib/libsrcLib.a(tusb_fifo.c.obj)
 .text._tu_fifo_peek_n
                0x10005936       0x6a srcLib/libsrcLib.a(tusb_fifo.c.obj)
 .text._tu_fifo_read_n
                0x100059a0       0x4e srcLib/libsrcLib.a(tusb_fifo.c.obj)
 .text._ff_push_n
                0x100059ee       0x68 srcLib/libsrcLib.a(tusb_fifo.c.obj)
 .text._tu_fifo_write_n
                0x10005a56       0xf0 srcLib/libsrcLib.a(tusb_fifo.c.obj)
 .text.tu_fifo_config
                0x10005b46       0x7c srcLib/libsrcLib.a(tusb_fifo.c.obj)
                0x10005b46                tu_fifo_config
 .text.tu_fifo_count
                0x10005bc2       0x2a srcLib/libsrcLib.a(tusb_fifo.c.obj)
                0x10005bc2                tu_fifo_count
 .text.tu_fifo_empty
                0x10005bec        0xe srcLib/libsrcLib.a(tusb_fifo.c.obj)
                0x10005bec                tu_fifo_empty
 .text.tu_fifo_full
                0x10005bfa       0x28 srcLib/libsrcLib.a(tusb_fifo.c.obj)
                0x10005bfa                tu_fifo_full
 .text.tu_fifo_remaining
                0x10005c22       0x2c srcLib/libsrcLib.a(tusb_fifo.c.obj)
                0x10005c22                tu_fifo_remaining
 .text.tu_fifo_read_n
                0x10005c4e        0xa srcLib/libsrcLib.a(tusb_fifo.c.obj)
                0x10005c4e                tu_fifo_read_n
 .text.tu_fifo_write
                0x10005c58       0x64 srcLib/libsrcLib.a(tusb_fifo.c.obj)
                0x10005c58                tu_fifo_write
 .text.tu_fifo_write_n
                0x10005cbc        0xa srcLib/libsrcLib.a(tusb_fifo.c.obj)
                0x10005cbc                tu_fifo_write_n
 .text.tu_fifo_clear
                0x10005cc6       0x3e srcLib/libsrcLib.a(tusb_fifo.c.obj)
                0x10005cc6                tu_fifo_clear
 .text.tu_fifo_set_overwritable
                0x10005d04       0x46 srcLib/libsrcLib.a(tusb_fifo.c.obj)
                0x10005d04                tu_fifo_set_overwritable
 *fill*         0x10005d4a        0x2 
 .text.i2c_unreset
                0x10005d4c       0x2c srcLib/libsrcLib.a(i2c.c.obj)
 .text.i2c_set_baudrate
                0x10005d78       0xf0 srcLib/libsrcLib.a(i2c.c.obj)
                0x10005d78                i2c_set_baudrate
 .text.i2c_init
                0x10005e68       0x54 srcLib/libsrcLib.a(i2c.c.obj)
                0x10005e68                i2c_init
 .text.SystemCoreClockUpdate
                0x10005ebc       0x14 srcLib/libsrcLib.a(system_RP2040.c.obj)
                0x10005ebc                SystemCoreClockUpdate
 .text.SystemInit
                0x10005ed0        0x8 srcLib/libsrcLib.a(system_RP2040.c.obj)
                0x10005ed0                SystemInit
 .text._hw_endpoint_alloc
                0x10005ed8       0x70 srcLib/libsrcLib.a(dcd_rp2040.c.obj)
 .text.hw_endpoint_init
                0x10005f48       0xbc srcLib/libsrcLib.a(dcd_rp2040.c.obj)
 .text.hw_endpoint_xfer
                0x10006004       0x20 srcLib/libsrcLib.a(dcd_rp2040.c.obj)
 .text.dcd_int_enable
                0x10006024       0x2c srcLib/libsrcLib.a(dcd_rp2040.c.obj)
                0x10006024                dcd_int_enable
 .text.dcd_connect
                0x10006050       0x10 srcLib/libsrcLib.a(dcd_rp2040.c.obj)
                0x10006050                dcd_connect
 .text.dcd_init
                0x10006060       0x80 srcLib/libsrcLib.a(dcd_rp2040.c.obj)
                0x10006060                dcd_init
 .text.dcd_edpt_open
                0x100060e0       0x40 srcLib/libsrcLib.a(dcd_rp2040.c.obj)
                0x100060e0                dcd_edpt_open
 .text.dcd_edpt_xfer
                0x10006120       0x30 srcLib/libsrcLib.a(dcd_rp2040.c.obj)
                0x10006120                dcd_edpt_xfer
 .text.unaligned_memcpy
                0x10006150       0x14 srcLib/libsrcLib.a(rp2040_usb.c.obj)
 .text.rp2040_usb_init
                0x10006164       0x44 srcLib/libsrcLib.a(rp2040_usb.c.obj)
                0x10006164                rp2040_usb_init
 .text.hw_endpoint_xfer_start
                0x100061a8       0x60 srcLib/libsrcLib.a(rp2040_usb.c.obj)
                0x100061a8                hw_endpoint_xfer_start
 .text._GetAvailWriteSpace
                0x10006208       0x18 srcLib/libsrcLib.a(SEGGER_RTT.c.obj)
 .text._WriteNoCheck
                0x10006220       0x50 srcLib/libsrcLib.a(SEGGER_RTT.c.obj)
 .text._WriteBlocking
                0x10006270       0x6c srcLib/libsrcLib.a(SEGGER_RTT.c.obj)
 .text._DoInit  0x100062dc       0x68 srcLib/libsrcLib.a(SEGGER_RTT.c.obj)
 .text.SEGGER_RTT_ReadNoLock
                0x10006344       0xc0 srcLib/libsrcLib.a(SEGGER_RTT.c.obj)
                0x10006344                SEGGER_RTT_ReadNoLock
 .text.SEGGER_RTT_Read
                0x10006404       0x1a srcLib/libsrcLib.a(SEGGER_RTT.c.obj)
                0x10006404                SEGGER_RTT_Read
 *fill*         0x1000641e        0x2 
 .text.SEGGER_RTT_WriteNoLock
                0x10006420       0x74 srcLib/libsrcLib.a(SEGGER_RTT.c.obj)
                0x10006420                SEGGER_RTT_WriteNoLock
 .text.SEGGER_RTT_Write
                0x10006494       0x34 srcLib/libsrcLib.a(SEGGER_RTT.c.obj)
                0x10006494                SEGGER_RTT_Write
 .text.SEGGER_RTT_GetKey
                0x100064c8       0x22 srcLib/libsrcLib.a(SEGGER_RTT.c.obj)
                0x100064c8                SEGGER_RTT_GetKey
 *fill*         0x100064ea        0x2 
 .text.SEGGER_RTT_HasKey
                0x100064ec       0x28 srcLib/libsrcLib.a(SEGGER_RTT.c.obj)
                0x100064ec                SEGGER_RTT_HasKey
 .text.SEGGER_RTT_Init
                0x10006514        0x8 srcLib/libsrcLib.a(SEGGER_RTT.c.obj)
                0x10006514                SEGGER_RTT_Init
 .text.SEGGER_RTT_GetUpBufferFreeSize
                0x1000651c       0x38 srcLib/libsrcLib.a(SEGGER_RTT.c.obj)
                0x1000651c                SEGGER_RTT_GetUpBufferFreeSize
 .text.atexit   0x10006554       0x10 C:/Raspy/pico/sdk/toolchain/bin/../lib/gcc/arm-none-eabi/13.2.1/../../../../arm-none-eabi/lib/thumb/v6-m/nofp\libg.a(libc_a-atexit.o)
                0x10006554                atexit
 .text.malloc   0x10006564       0x14 C:/Raspy/pico/sdk/toolchain/bin/../lib/gcc/arm-none-eabi/13.2.1/../../../../arm-none-eabi/lib/thumb/v6-m/nofp\libg.a(libc_a-malloc.o)
                0x10006564                malloc
 .text.free     0x10006578       0x14 C:/Raspy/pico/sdk/toolchain/bin/../lib/gcc/arm-none-eabi/13.2.1/../../../../arm-none-eabi/lib/thumb/v6-m/nofp\libg.a(libc_a-malloc.o)
                0x10006578                free
 .text._malloc_r
                0x1000658c      0x5c4 C:/Raspy/pico/sdk/toolchain/bin/../lib/gcc/arm-none-eabi/13.2.1/../../../../arm-none-eabi/lib/thumb/v6-m/nofp\libg.a(libc_a-mallocr.o)
                0x1000658c                _malloc_r
 .text.__malloc_lock
                0x10006b50       0x10 C:/Raspy/pico/sdk/toolchain/bin/../lib/gcc/arm-none-eabi/13.2.1/../../../../arm-none-eabi/lib/thumb/v6-m/nofp\libg.a(libc_a-mlock.o)
                0x10006b50                __malloc_lock
 .text.__malloc_unlock
                0x10006b60       0x10 C:/Raspy/pico/sdk/toolchain/bin/../lib/gcc/arm-none-eabi/13.2.1/../../../../arm-none-eabi/lib/thumb/v6-m/nofp\libg.a(libc_a-mlock.o)
                0x10006b60                __malloc_unlock
 .text._sbrk_r  0x10006b70       0x24 C:/Raspy/pico/sdk/toolchain/bin/../lib/gcc/arm-none-eabi/13.2.1/../../../../arm-none-eabi/lib/thumb/v6-m/nofp\libg.a(libc_a-sbrkr.o)
                0x10006b70                _sbrk_r
 .text.__errno  0x10006b94        0xc C:/Raspy/pico/sdk/toolchain/bin/../lib/gcc/arm-none-eabi/13.2.1/../../../../arm-none-eabi/lib/thumb/v6-m/nofp\libg.a(libc_a-errno.o)
                0x10006b94                __errno
 .text.__libc_fini_array
                0x10006ba0       0x28 C:/Raspy/pico/sdk/toolchain/bin/../lib/gcc/arm-none-eabi/13.2.1/../../../../arm-none-eabi/lib/thumb/v6-m/nofp\libg.a(libc_a-fini.o)
                0x10006ba0                __libc_fini_array
 .text.__retarget_lock_acquire_recursive
                0x10006bc8        0x4 C:/Raspy/pico/sdk/toolchain/bin/../lib/gcc/arm-none-eabi/13.2.1/../../../../arm-none-eabi/lib/thumb/v6-m/nofp\libg.a(libc_a-lock.o)
                0x10006bc8                __retarget_lock_acquire_recursive
 .text.__retarget_lock_release_recursive
                0x10006bcc        0x4 C:/Raspy/pico/sdk/toolchain/bin/../lib/gcc/arm-none-eabi/13.2.1/../../../../arm-none-eabi/lib/thumb/v6-m/nofp\libg.a(libc_a-lock.o)
                0x10006bcc                __retarget_lock_release_recursive
 .text.sysconf  0x10006bd0       0x1c C:/Raspy/pico/sdk/toolchain/bin/../lib/gcc/arm-none-eabi/13.2.1/../../../../arm-none-eabi/lib/thumb/v6-m/nofp\libg.a(libc_a-sysconf.o)
                0x10006bd0                sysconf
 .text.strlen   0x10006bec       0x5c C:/Raspy/pico/sdk/toolchain/bin/../lib/gcc/arm-none-eabi/13.2.1/../../../../arm-none-eabi/lib/thumb/v6-m/nofp\libg.a(libc_a-strlen-stub.o)
                0x10006bec                strlen
 .text.__register_exitproc
                0x10006c48       0xa8 C:/Raspy/pico/sdk/toolchain/bin/../lib/gcc/arm-none-eabi/13.2.1/../../../../arm-none-eabi/lib/thumb/v6-m/nofp\libg.a(libc_a-__atexit.o)
                0x10006c48                __register_exitproc
 .text.startup.register_fini
                0x10006cf0       0x18 C:/Raspy/pico/sdk/toolchain/bin/../lib/gcc/arm-none-eabi/13.2.1/../../../../arm-none-eabi/lib/thumb/v6-m/nofp\libg.a(libc_a-__call_atexit.o)
 .text._malloc_trim_r
                0x10006d08       0xb4 C:/Raspy/pico/sdk/toolchain/bin/../lib/gcc/arm-none-eabi/13.2.1/../../../../arm-none-eabi/lib/thumb/v6-m/nofp\libg.a(libc_a-freer.o)
                0x10006d08                _malloc_trim_r
 .text._free_r  0x10006dbc      0x1d4 C:/Raspy/pico/sdk/toolchain/bin/../lib/gcc/arm-none-eabi/13.2.1/../../../../arm-none-eabi/lib/thumb/v6-m/nofp\libg.a(libc_a-freer.o)
                0x10006dbc                _free_r
 *(.fini)
 .fini          0x10006f90        0x4 C:/Raspy/pico/sdk/toolchain/bin/../lib/gcc/arm-none-eabi/13.2.1/thumb/v6-m/nofp/crti.o
                0x10006f90                _fini
 *fill*         0x10006f94        0x4 
 .fini.__stub   0x10006f98       0xb0 linker stubs
 *crtbegin.o(.ctors)
 *crtbegin?.o(.ctors)
 *(EXCLUDE_FILE(*crtend.o *crtend?.o) .ctors)
 *(SORT_BY_NAME(.ctors.*))
 *(.ctors)
 *crtbegin.o(.dtors)
 *crtbegin?.o(.dtors)
 *(EXCLUDE_FILE(*crtend.o *crtend?.o) .dtors)
 *(SORT_BY_NAME(.dtors.*))
 *(.dtors)
                0x10007048                        . = ALIGN (0x4)
                0x10007048                        PROVIDE (__preinit_array_start = .)
 *(SORT_BY_NAME(.preinit_array.*))
 .preinit_array.00100
                0x10007048        0x4 CMakeFiles/AEMBS_pico.dir/C_/Raspy/pico/sdk/pico-sdk/src/rp2_common/pico_runtime_init/runtime_init.c.obj
                0x10007048                __pre_init_runtime_init_early_resets
 .preinit_array.00101
                0x1000704c        0x4 CMakeFiles/AEMBS_pico.dir/C_/Raspy/pico/sdk/pico-sdk/src/rp2_common/pico_runtime_init/runtime_init.c.obj
                0x1000704c                __pre_init_runtime_init_usb_power_down
 .preinit_array.00275
                0x10007050        0x4 CMakeFiles/AEMBS_pico.dir/C_/Raspy/pico/sdk/pico-sdk/src/rp2_common/pico_bit_ops/bit_ops_aeabi.S.obj
 .preinit_array.00300
                0x10007054        0x4 CMakeFiles/AEMBS_pico.dir/C_/Raspy/pico/sdk/pico-sdk/src/rp2_common/pico_mem_ops/mem_ops_aeabi.S.obj
 .preinit_array.00350
                0x10007058        0x4 CMakeFiles/AEMBS_pico.dir/C_/Raspy/pico/sdk/pico-sdk/src/rp2_common/pico_double/double_aeabi_rp2040.S.obj
 .preinit_array.00350
                0x1000705c        0x4 CMakeFiles/AEMBS_pico.dir/C_/Raspy/pico/sdk/pico-sdk/src/rp2_common/pico_float/float_aeabi_rp2040.S.obj
 .preinit_array.00500
                0x10007060        0x4 CMakeFiles/AEMBS_pico.dir/C_/Raspy/pico/sdk/pico-sdk/src/rp2_common/pico_runtime_init/runtime_init.c.obj
                0x10007060                __pre_init_runtime_init_clocks
 .preinit_array.00600
                0x10007064        0x4 CMakeFiles/AEMBS_pico.dir/C_/Raspy/pico/sdk/pico-sdk/src/rp2_common/pico_runtime_init/runtime_init.c.obj
                0x10007064                __pre_init_runtime_init_post_clock_resets
 .preinit_array.00700
                0x10007068        0x4 CMakeFiles/AEMBS_pico.dir/C_/Raspy/pico/sdk/pico-sdk/src/rp2_common/pico_runtime_init/runtime_init.c.obj
                0x10007068                __pre_init_runtime_init_rp2040_gpio_ie_disable
 .preinit_array.01000
                0x1000706c        0x4 CMakeFiles/AEMBS_pico.dir/C_/Raspy/pico/sdk/pico-sdk/src/rp2_common/pico_runtime_init/runtime_init.c.obj
                0x1000706c                __pre_init_runtime_init_spin_locks_reset
 .preinit_array.01100
                0x10007070        0x4 CMakeFiles/AEMBS_pico.dir/C_/Raspy/pico/sdk/pico-sdk/src/common/pico_sync/mutex.c.obj
                0x10007070                __pre_init_runtime_init_mutex
 .preinit_array.10080
                0x10007074        0x4 CMakeFiles/AEMBS_pico.dir/C_/Raspy/pico/sdk/pico-sdk/src/rp2_common/pico_runtime_init/runtime_init.c.obj
                0x10007074                __pre_init_runtime_init_install_ram_vector_table
 .preinit_array.11000
                0x10007078        0x4 CMakeFiles/AEMBS_pico.dir/C_/Raspy/pico/sdk/pico-sdk/src/common/pico_time/time.c.obj
                0x10007078                __pre_init_runtime_init_default_alarm_pool
 .preinit_array.YYYYY
                0x1000707c        0x4 CMakeFiles/AEMBS_pico.dir/C_/Raspy/pico/sdk/pico-sdk/src/rp2_common/pico_runtime/runtime.c.obj
                0x1000707c                __pre_init_first_per_core_initializer
 .preinit_array.ZZZZZ.01200
                0x10007080        0x4 CMakeFiles/AEMBS_pico.dir/C_/Raspy/pico/sdk/pico-sdk/src/rp2_common/hardware_irq/irq.c.obj
                0x10007080                __pre_init_runtime_init_per_core_irq_priorities
 *(.preinit_array)
                0x10007084                        PROVIDE (__preinit_array_end = .)
                0x10007084                        . = ALIGN (0x4)
                0x10007084                        PROVIDE (__init_array_start = .)
 *(SORT_BY_NAME(.init_array.*))
 .init_array.00000
                0x10007084        0x4 C:/Raspy/pico/sdk/toolchain/bin/../lib/gcc/arm-none-eabi/13.2.1/../../../../arm-none-eabi/lib/thumb/v6-m/nofp\libg.a(libc_a-__call_atexit.o)
 *(.init_array)
 .init_array    0x10007088        0x4 C:/Raspy/pico/sdk/toolchain/bin/../lib/gcc/arm-none-eabi/13.2.1/thumb/v6-m/nofp/crtbegin.o
 .init_array    0x1000708c        0x4 srcLib/libsrcLib.a(unique_id.c.obj)
 .init_array    0x10007090        0x4 srcLib/libsrcLib.a(system_RP2040.c.obj)
                0x10007094                        PROVIDE (__init_array_end = .)
                0x10007094                        . = ALIGN (0x4)
                0x10007094                        PROVIDE (__fini_array_start = .)
 *(SORT_BY_NAME(.fini_array.*))
 *(.fini_array)
                0x10007094                        PROVIDE (__fini_array_end = .)
 *(.eh_frame*)
 .eh_frame      0x10007094        0x0 C:/Raspy/pico/sdk/toolchain/bin/../lib/gcc/arm-none-eabi/13.2.1/thumb/v6-m/nofp/crtbegin.o
                0x10007094                        . = ALIGN (0x4)

.glue_7         0x10007094        0x0
 .glue_7        0x10007094        0x0 linker stubs

.glue_7t        0x10007094        0x0
 .glue_7t       0x10007094        0x0 linker stubs

.vfp11_veneer   0x10007094        0x0
 .vfp11_veneer  0x10007094        0x0 linker stubs

.v4_bx          0x10007094        0x0
 .v4_bx         0x10007094        0x0 linker stubs

.iplt           0x10007094        0x0
 .iplt          0x10007094        0x0 C:/Raspy/pico/sdk/toolchain/bin/../lib/gcc/arm-none-eabi/13.2.1/thumb/v6-m/nofp/crtbegin.o

.rodata         0x10007098     0x140c
 *(EXCLUDE_FILE(*libm.a: *libc.a:*lib_a-mem*.o *libgcc.a:) .rodata*)
 .rodata.rp2040_chip_version.str1.4
                0x10007098      0xc5b CMakeFiles/AEMBS_pico.dir/C_/Raspy/pico/sdk/pico-sdk/src/rp2040/pico_platform/platform.c.obj
                                 0x75 (size before relaxing)
 *fill*         0x10007cf3        0x1 
 .rodata.__func__.0
                0x10007cf4       0x14 CMakeFiles/AEMBS_pico.dir/C_/Raspy/pico/sdk/pico-sdk/src/rp2040/pico_platform/platform.c.obj
 .rodata.panic.str1.4
                0x10007d08       0x12 CMakeFiles/AEMBS_pico.dir/C_/Raspy/pico/sdk/pico-sdk/src/rp2_common/pico_platform_panic/panic.c.obj
 .rodata.spin_lock_claim_unused.str1.4
                0x10007d08       0x1b CMakeFiles/AEMBS_pico.dir/C_/Raspy/pico/sdk/pico-sdk/src/rp2_common/hardware_sync/sync.c.obj
 .rodata.resolve_j_16.str1.4
                0x10007d08       0x55 CMakeFiles/AEMBS_pico.dir/C_/Raspy/pico/sdk/pico-sdk/src/rp2_common/hardware_irq/irq.c.obj
 .rodata.make_j_16.str1.4
                0x10007d08       0x30 CMakeFiles/AEMBS_pico.dir/C_/Raspy/pico/sdk/pico-sdk/src/rp2_common/hardware_irq/irq.c.obj
 .rodata.irq_set_exclusive_handler.str1.4
                0x10007d08       0x36 CMakeFiles/AEMBS_pico.dir/C_/Raspy/pico/sdk/pico-sdk/src/rp2_common/hardware_irq/irq.c.obj
 .rodata.irq_add_shared_handler.str1.4
                0x10007d08       0xd2 CMakeFiles/AEMBS_pico.dir/C_/Raspy/pico/sdk/pico-sdk/src/rp2_common/hardware_irq/irq.c.obj
 .rodata.irq_add_tail_to_free_list.str1.4
                0x10007d08       0x3a CMakeFiles/AEMBS_pico.dir/C_/Raspy/pico/sdk/pico-sdk/src/rp2_common/hardware_irq/irq.c.obj
 .rodata.__func__.0
                0x10007d08       0x1a CMakeFiles/AEMBS_pico.dir/C_/Raspy/pico/sdk/pico-sdk/src/rp2_common/hardware_irq/irq.c.obj
 *fill*         0x10007d22        0x2 
 .rodata.__func__.3
                0x10007d24        0xa CMakeFiles/AEMBS_pico.dir/C_/Raspy/pico/sdk/pico-sdk/src/rp2_common/hardware_irq/irq.c.obj
 *fill*         0x10007d2e        0x2 
 .rodata.__func__.4
                0x10007d30        0xd CMakeFiles/AEMBS_pico.dir/C_/Raspy/pico/sdk/pico-sdk/src/rp2_common/hardware_irq/irq.c.obj
 *fill*         0x10007d3d        0x3 
 .rodata.__func__.5
                0x10007d40       0x17 CMakeFiles/AEMBS_pico.dir/C_/Raspy/pico/sdk/pico-sdk/src/rp2_common/hardware_irq/irq.c.obj
 *fill*         0x10007d57        0x1 
 .rodata.__func__.6
                0x10007d58       0x1a CMakeFiles/AEMBS_pico.dir/C_/Raspy/pico/sdk/pico-sdk/src/rp2_common/hardware_irq/irq.c.obj
 .rodata.runtime_init_mutex.str1.4
                0x10007d72       0x58 CMakeFiles/AEMBS_pico.dir/C_/Raspy/pico/sdk/pico-sdk/src/common/pico_sync/mutex.c.obj
 .rodata.str1.4
                0x10007d72       0x51 CMakeFiles/AEMBS_pico.dir/C_/Raspy/pico/sdk/pico-sdk/src/common/pico_sync/mutex.c.obj
 *fill*         0x10007d72        0x2 
 .rodata.__func__.1
                0x10007d74        0xb CMakeFiles/AEMBS_pico.dir/C_/Raspy/pico/sdk/pico-sdk/src/common/pico_sync/mutex.c.obj
 *fill*         0x10007d7f        0x1 
 .rodata.__func__.3
                0x10007d80       0x18 CMakeFiles/AEMBS_pico.dir/C_/Raspy/pico/sdk/pico-sdk/src/common/pico_sync/mutex.c.obj
 .rodata.__func__.6
                0x10007d98       0x13 CMakeFiles/AEMBS_pico.dir/C_/Raspy/pico/sdk/pico-sdk/src/common/pico_sync/mutex.c.obj
 .rodata.alarm_pool_irq_handler.str1.4
                0x10007dab       0x63 CMakeFiles/AEMBS_pico.dir/C_/Raspy/pico/sdk/pico-sdk/src/common/pico_time/time.c.obj
 .rodata.alarm_pool_get_default.str1.4
                0x10007dab       0x21 CMakeFiles/AEMBS_pico.dir/C_/Raspy/pico/sdk/pico-sdk/src/common/pico_time/time.c.obj
 *fill*         0x10007dab        0x1 
 .rodata.__func__.1
                0x10007dac       0x17 CMakeFiles/AEMBS_pico.dir/C_/Raspy/pico/sdk/pico-sdk/src/common/pico_time/time.c.obj
 *fill*         0x10007dc3        0x1 
 .rodata.__func__.2
                0x10007dc4       0x17 CMakeFiles/AEMBS_pico.dir/C_/Raspy/pico/sdk/pico-sdk/src/common/pico_time/time.c.obj
 .rodata.timer_hardware_alarm_claim.str1.4
                0x10007ddb       0x22 CMakeFiles/AEMBS_pico.dir/C_/Raspy/pico/sdk/pico-sdk/src/rp2_common/hardware_timer/timer.c.obj
 .rodata.pll_init.str1.4
                0x10007ddb      0x114 CMakeFiles/AEMBS_pico.dir/C_/Raspy/pico/sdk/pico-sdk/src/rp2_common/hardware_pll/pll.c.obj
 *fill*         0x10007ddb        0x1 
 .rodata.__func__.0
                0x10007ddc        0x9 CMakeFiles/AEMBS_pico.dir/C_/Raspy/pico/sdk/pico-sdk/src/rp2_common/hardware_pll/pll.c.obj
 .rodata.__aeabi_double_init.str1.4
                0x10007de5       0x93 CMakeFiles/AEMBS_pico.dir/C_/Raspy/pico/sdk/pico-sdk/src/rp2_common/pico_double/double_init_rom_rp2040.c.obj
 *fill*         0x10007de5        0x3 
 .rodata.__func__.0
                0x10007de8       0x14 CMakeFiles/AEMBS_pico.dir/C_/Raspy/pico/sdk/pico-sdk/src/rp2_common/pico_double/double_init_rom_rp2040.c.obj
 .rodata.__aeabi_float_init.str1.4
                0x10007dfc       0x85 CMakeFiles/AEMBS_pico.dir/C_/Raspy/pico/sdk/pico-sdk/src/rp2_common/pico_float/float_init_rom_rp2040.c.obj
 .rodata.__func__.0
                0x10007dfc       0x13 CMakeFiles/AEMBS_pico.dir/C_/Raspy/pico/sdk/pico-sdk/src/rp2_common/pico_float/float_init_rom_rp2040.c.obj
 .rodata.check_alloc.str1.4
                0x10007e0f        0xe CMakeFiles/AEMBS_pico.dir/C_/Raspy/pico/sdk/pico-sdk/src/rp2_common/pico_malloc/malloc.c.obj
 .rodata.str1.4
                0x10007e0f       0x30 CMakeFiles/AEMBS_pico.dir/C_/Raspy/pico/sdk/pico-sdk/src/rp2_common/pico_standard_binary_info/standard_binary_info.c.obj
 *fill*         0x10007e0f        0x1 
 .rodata.__bi_84
                0x10007e10        0xc CMakeFiles/AEMBS_pico.dir/C_/Raspy/pico/sdk/pico-sdk/src/rp2_common/pico_standard_binary_info/standard_binary_info.c.obj
 .rodata.__bi_54
                0x10007e1c        0xc CMakeFiles/AEMBS_pico.dir/C_/Raspy/pico/sdk/pico-sdk/src/rp2_common/pico_standard_binary_info/standard_binary_info.c.obj
 .rodata.__bi_48
                0x10007e28        0xc CMakeFiles/AEMBS_pico.dir/C_/Raspy/pico/sdk/pico-sdk/src/rp2_common/pico_standard_binary_info/standard_binary_info.c.obj
 .rodata.__bi_42
                0x10007e34        0xc CMakeFiles/AEMBS_pico.dir/C_/Raspy/pico/sdk/pico-sdk/src/rp2_common/pico_standard_binary_info/standard_binary_info.c.obj
 .rodata.__bi_34
                0x10007e40        0xc CMakeFiles/AEMBS_pico.dir/C_/Raspy/pico/sdk/pico-sdk/src/rp2_common/pico_standard_binary_info/standard_binary_info.c.obj
 .rodata.__bi_26
                0x10007e4c        0xc CMakeFiles/AEMBS_pico.dir/C_/Raspy/pico/sdk/pico-sdk/src/rp2_common/pico_standard_binary_info/standard_binary_info.c.obj
 .rodata._ftoa.str1.4
                0x10007e58       0x15 CMakeFiles/AEMBS_pico.dir/C_/Raspy/pico/sdk/pico-sdk/src/rp2_common/pico_printf/printf.c.obj
 .rodata._vsnprintf
                0x10007e58      0x19c CMakeFiles/AEMBS_pico.dir/C_/Raspy/pico/sdk/pico-sdk/src/rp2_common/pico_printf/printf.c.obj
 *fill*         0x10007ff4        0x4 
 .rodata.pow10.0
                0x10007ff8       0x50 CMakeFiles/AEMBS_pico.dir/C_/Raspy/pico/sdk/pico-sdk/src/rp2_common/pico_printf/printf.c.obj
 .rodata.__assert_func.str1.4
                0x10008048       0x43 CMakeFiles/AEMBS_pico.dir/C_/Raspy/pico/sdk/pico-sdk/src/rp2_common/pico_clib_interface/newlib_interface.c.obj
 .rodata.crlf_str.0
                0x10008048        0x2 CMakeFiles/AEMBS_pico.dir/C_/Raspy/pico/sdk/pico-sdk/src/rp2_common/pico_stdio/stdio.c.obj
 .rodata.McuGPIO_GetDefaultConfig.str1.4
                0x1000804a       0x45 srcLib/libsrcLib.a(McuGPIO.c.obj)
 .rodata.McuGPIO_SetAsInput.str1.4
                0x1000804a        0xb srcLib/libsrcLib.a(McuGPIO.c.obj)
 .rodata.McuGPIO_InitGPIO.str1.4
                0x1000804a        0xd srcLib/libsrcLib.a(McuGPIO.c.obj)
 *fill*         0x1000804a        0x2 
 .rodata.__func__.3
                0x1000804c       0x10 srcLib/libsrcLib.a(McuGPIO.c.obj)
 .rodata.__func__.4
                0x1000805c        0xf srcLib/libsrcLib.a(McuGPIO.c.obj)
 *fill*         0x1000806b        0x1 
 .rodata.__func__.5
                0x1000806c       0x13 srcLib/libsrcLib.a(McuGPIO.c.obj)
 *fill*         0x1000807f        0x1 
 .rodata.__func__.6
                0x10008080       0x11 srcLib/libsrcLib.a(McuGPIO.c.obj)
 *fill*         0x10008091        0x3 
 .rodata.__func__.9
                0x10008094       0x19 srcLib/libsrcLib.a(McuGPIO.c.obj)
 *fill*         0x100080ad        0x3 
 .rodata.defaultConfig
                0x100080b0        0xc srcLib/libsrcLib.a(McuGPIO.c.obj)
 .rodata.LogHeader.str1.4
                0x100080bc        0x3 srcLib/libsrcLib.a(McuLog.c.obj)
 .rodata.McuLog_set_console.str1.4
                0x100080bc       0x5c srcLib/libsrcLib.a(McuLog.c.obj)
 .rodata.McuLog_ChannelLog.str1.4
                0x100080bc        0x2 srcLib/libsrcLib.a(McuLog.c.obj)
 .rodata.__func__.0
                0x100080bc       0x13 srcLib/libsrcLib.a(McuLog.c.obj)
 .rodata.str1.4
                0x100080cf       0x2e srcLib/libsrcLib.a(McuLog.c.obj)
 *fill*         0x100080cf        0x1 
 .rodata.level_names
                0x100080d0       0x18 srcLib/libsrcLib.a(McuLog.c.obj)
 .rodata.McuRB_GetDefaultconfig.str1.4
                0x100080e8       0x43 srcLib/libsrcLib.a(McuRB.c.obj)
 .rodata.McuRB_InitRB.str1.4
                0x100080e8       0x23 srcLib/libsrcLib.a(McuRB.c.obj)
 .rodata.McuRB_DeinitRB.str1.4
                0x100080e8        0x9 srcLib/libsrcLib.a(McuRB.c.obj)
 .rodata.McuRB_Put.str1.4
                0x100080e8       0x17 srcLib/libsrcLib.a(McuRB.c.obj)
 .rodata.__func__.0
                0x100080e8        0xa srcLib/libsrcLib.a(McuRB.c.obj)
 *fill*         0x100080f2        0x2 
 .rodata.__func__.1
                0x100080f4        0xa srcLib/libsrcLib.a(McuRB.c.obj)
 *fill*         0x100080fe        0x2 
 .rodata.__func__.4
                0x10008100       0x12 srcLib/libsrcLib.a(McuRB.c.obj)
 *fill*         0x10008112        0x2 
 .rodata.__func__.5
                0x10008114        0xf srcLib/libsrcLib.a(McuRB.c.obj)
 *fill*         0x10008123        0x1 
 .rodata.__func__.6
                0x10008124        0xd srcLib/libsrcLib.a(McuRB.c.obj)
 *fill*         0x10008131        0x3 
 .rodata.__func__.7
                0x10008134       0x17 srcLib/libsrcLib.a(McuRB.c.obj)
 *fill*         0x1000814b        0x1 
 .rodata.defaultConfig
                0x1000814c        0x8 srcLib/libsrcLib.a(McuRB.c.obj)
 .rodata.McuRTT_stdio
                0x10008154       0x10 srcLib/libsrcLib.a(McuRTT.c.obj)
                0x10008154                McuRTT_stdio
 .rodata.McuShellCdcDevice_QueueChar.str1.4
                0x10008164       0x57 srcLib/libsrcLib.a(McuShellCdcDevice.c.obj)
 .rodata.McuShellCdcDevice_stdio
                0x10008164       0x10 srcLib/libsrcLib.a(McuShellCdcDevice.c.obj)
                0x10008164                McuShellCdcDevice_stdio
 .rodata.McuXFormat_xvformat
                0x10008174      0x140 srcLib/libsrcLib.a(McuXFormat.c.obj)
 .rodata.formatStates
                0x100082b4       0x5b srcLib/libsrcLib.a(McuXFormat.c.obj)
 *fill*         0x1000830f        0x1 
 .rodata.ms_digits
                0x10008310       0x11 srcLib/libsrcLib.a(McuXFormat.c.obj)
 *fill*         0x10008321        0x3 
 .rodata.ms_false
                0x10008324        0x6 srcLib/libsrcLib.a(McuXFormat.c.obj)
 *fill*         0x1000832a        0x2 
 .rodata.ms_true
                0x1000832c        0x5 srcLib/libsrcLib.a(McuXFormat.c.obj)
 *fill*         0x10008331        0x3 
 .rodata.ms_null
                0x10008334        0x7 srcLib/libsrcLib.a(McuXFormat.c.obj)
 .rodata.str1.4
                0x1000833b      0x191 srcLib/libsrcLib.a(flash.c.obj)
 *fill*         0x1000833b        0x1 
 .rodata.__func__.0
                0x1000833c        0xd srcLib/libsrcLib.a(flash.c.obj)
 .rodata.configuration_reset.str1.4
                0x10008349       0x17 srcLib/libsrcLib.a(usbd.c.obj)
 *fill*         0x10008349        0x3 
 .rodata        0x1000834c       0x1c srcLib/libsrcLib.a(usbd.c.obj)
 .rodata.__func__.4
                0x10008368        0xf srcLib/libsrcLib.a(usbd.c.obj)
 *fill*         0x10008377        0x1 
 .rodata.__func__.5
                0x10008378        0xf srcLib/libsrcLib.a(usbd.c.obj)
 *fill*         0x10008387        0x1 
 .rodata.__func__.6
                0x10008388       0x14 srcLib/libsrcLib.a(usbd.c.obj)
 .rodata.__func__.7
                0x1000839c        0xc srcLib/libsrcLib.a(usbd.c.obj)
 .rodata.__func__.13
                0x100083a8        0x9 srcLib/libsrcLib.a(usbd.c.obj)
 *fill*         0x100083b1        0x3 
 .rodata._usbd_driver
                0x100083b4       0x20 srcLib/libsrcLib.a(usbd.c.obj)
 .rodata.tud_control_xfer.str1.4
                0x100083d4       0x17 srcLib/libsrcLib.a(usbd_control.c.obj)
 .rodata.__func__.1
                0x100083d4       0x11 srcLib/libsrcLib.a(usbd_control.c.obj)
 .rodata.tud_cdc_n_write_flush.str1.4
                0x100083e5       0x17 srcLib/libsrcLib.a(cdc_device.c.obj)
 *fill*         0x100083e5        0x3 
 .rodata.__func__.0
                0x100083e8        0xd srcLib/libsrcLib.a(cdc_device.c.obj)
 *fill*         0x100083f5        0x3 
 .rodata.__func__.1
                0x100083f8        0xa srcLib/libsrcLib.a(cdc_device.c.obj)
 *fill*         0x10008402        0x2 
 .rodata.__func__.3
                0x10008404       0x16 srcLib/libsrcLib.a(cdc_device.c.obj)
 .rodata.tu_edpt_validate.str1.4
                0x1000841a       0x17 srcLib/libsrcLib.a(tusb.c.obj)
 *fill*         0x1000841a        0x2 
 .rodata.__func__.3
                0x1000841c       0x11 srcLib/libsrcLib.a(tusb.c.obj)
 .rodata.i2c_set_baudrate.str1.4
                0x1000842d       0x5d srcLib/libsrcLib.a(i2c.c.obj)
 *fill*         0x1000842d        0x3 
 .rodata.__func__.0
                0x10008430       0x11 srcLib/libsrcLib.a(i2c.c.obj)
 .rodata._hw_endpoint_alloc.str1.4
                0x10008441       0xb5 srcLib/libsrcLib.a(dcd_rp2040.c.obj)
 .rodata.str1.4
                0x10008441       0x14 srcLib/libsrcLib.a(dcd_rp2040.c.obj)
 .rodata.dcd_int_enable.str1.4
                0x10008441        0xc srcLib/libsrcLib.a(dcd_rp2040.c.obj)
 *fill*         0x10008441        0x3 
 .rodata.__func__.0
                0x10008444        0xe srcLib/libsrcLib.a(dcd_rp2040.c.obj)
 *fill*         0x10008452        0x2 
 .rodata.__func__.1
                0x10008454        0xe srcLib/libsrcLib.a(dcd_rp2040.c.obj)
 *fill*         0x10008462        0x2 
 .rodata.__func__.5
                0x10008464        0xf srcLib/libsrcLib.a(dcd_rp2040.c.obj)
 *fill*         0x10008473        0x1 
 .rodata.__func__.6
                0x10008474       0x13 srcLib/libsrcLib.a(dcd_rp2040.c.obj)
 *fill*         0x10008487        0x1 
 .rodata.__func__.7
                0x10008488        0x9 srcLib/libsrcLib.a(dcd_rp2040.c.obj)
 .rodata.str1.4
                0x10008491       0xdc srcLib/libsrcLib.a(rp2040_usb.c.obj)
 .rodata.hw_endpoint_xfer_start.str1.4
                0x10008491       0x38 srcLib/libsrcLib.a(rp2040_usb.c.obj)
 *fill*         0x10008491        0x3 
 .rodata.__func__.0
                0x10008494        0xf srcLib/libsrcLib.a(rp2040_usb.c.obj)
 .rodata._DoInit.str1.4
                0x100084a3       0x17 srcLib/libsrcLib.a(SEGGER_RTT.c.obj)
                0x100084bc                        . = ALIGN (0x4)
 *fill*         0x100084a3        0x1 
 *(SORT_BY_ALIGNMENT(SORT_BY_NAME(.flashdata*)))
                0x100084a4                        . = ALIGN (0x4)

.ARM.extab
 *(.ARM.extab* .gnu.linkonce.armextab.*)
                0x100084a4                        __exidx_start = .

.ARM.exidx
 *(.ARM.exidx* .gnu.linkonce.armexidx.*)
                0x100084a4                        __exidx_end = .
                0x100084a4                        . = ALIGN (0x4)
                0x100084a4                        __binary_info_start = .

.binary_info    0x100084a4       0x18
 *(.binary_info.keep.*)
 .binary_info.keep.__bi_ptr84
                0x100084a4        0x4 CMakeFiles/AEMBS_pico.dir/C_/Raspy/pico/sdk/pico-sdk/src/rp2_common/pico_standard_binary_info/standard_binary_info.c.obj
 .binary_info.keep.__bi_ptr54
                0x100084a8        0x4 CMakeFiles/AEMBS_pico.dir/C_/Raspy/pico/sdk/pico-sdk/src/rp2_common/pico_standard_binary_info/standard_binary_info.c.obj
 .binary_info.keep.__bi_ptr48
                0x100084ac        0x4 CMakeFiles/AEMBS_pico.dir/C_/Raspy/pico/sdk/pico-sdk/src/rp2_common/pico_standard_binary_info/standard_binary_info.c.obj
 .binary_info.keep.__bi_ptr42
                0x100084b0        0x4 CMakeFiles/AEMBS_pico.dir/C_/Raspy/pico/sdk/pico-sdk/src/rp2_common/pico_standard_binary_info/standard_binary_info.c.obj
 .binary_info.keep.__bi_ptr34
                0x100084b4        0x4 CMakeFiles/AEMBS_pico.dir/C_/Raspy/pico/sdk/pico-sdk/src/rp2_common/pico_standard_binary_info/standard_binary_info.c.obj
 .binary_info.keep.__bi_ptr26
                0x100084b8        0x4 CMakeFiles/AEMBS_pico.dir/C_/Raspy/pico/sdk/pico-sdk/src/rp2_common/pico_standard_binary_info/standard_binary_info.c.obj
 *(.binary_info.*)
                0x100084bc                        __binary_info_end = .

.rel.dyn        0x100084bc        0x0
 .rel.iplt      0x100084bc        0x0 C:/Raspy/pico/sdk/toolchain/bin/../lib/gcc/arm-none-eabi/13.2.1/thumb/v6-m/nofp/crtbegin.o
                0x100084bc                        . = ALIGN (0x4)

.ram_vector_table
                0x20000000       0xc0
 *(.ram_vector_table)
 .ram_vector_table
                0x20000000       0xc0 CMakeFiles/AEMBS_pico.dir/C_/Raspy/pico/sdk/pico-sdk/src/rp2_common/pico_runtime_init/runtime_init.c.obj
                0x20000000                ram_vector_table

.uninitialized_data
                0x200000c0        0x0
                0x200000c0                        . = ALIGN (0x4)
 *(.uninitialized_data*)

.data           0x200000c0     0x10fc load address 0x100084bc
                0x200000c0                        __data_start__ = .
 *(vtable)
 *(.time_critical*)
 .time_critical.mutex_try_enter
                0x200000c0       0x48 CMakeFiles/AEMBS_pico.dir/C_/Raspy/pico/sdk/pico-sdk/src/common/pico_sync/mutex.c.obj
                0x200000c0                mutex_try_enter
 .time_critical.mutex_enter_block_until
                0x20000108       0x90 CMakeFiles/AEMBS_pico.dir/C_/Raspy/pico/sdk/pico-sdk/src/common/pico_sync/mutex.c.obj
                0x20000108                mutex_enter_block_until
 .time_critical.mutex_try_enter_block_until
                0x20000198       0x34 CMakeFiles/AEMBS_pico.dir/C_/Raspy/pico/sdk/pico-sdk/src/common/pico_sync/mutex.c.obj
                0x20000198                mutex_try_enter_block_until
 .time_critical.mutex_enter_timeout_ms
                0x200001cc       0x3c CMakeFiles/AEMBS_pico.dir/C_/Raspy/pico/sdk/pico-sdk/src/common/pico_sync/mutex.c.obj
                0x200001cc                mutex_enter_timeout_ms
 .time_critical.mutex_exit
                0x20000208       0x4c CMakeFiles/AEMBS_pico.dir/C_/Raspy/pico/sdk/pico-sdk/src/common/pico_sync/mutex.c.obj
                0x20000208                mutex_exit
 .time_critical.flash_init_boot2_copyout
                0x20000254       0x30 srcLib/libsrcLib.a(flash.c.obj)
 .time_critical.flash_enable_xip_via_boot2
                0x20000284        0xc srcLib/libsrcLib.a(flash.c.obj)
 .time_critical.flash_cs_force
                0x20000290       0x28 srcLib/libsrcLib.a(flash.c.obj)
 .time_critical.flash_do_cmd
                0x200002b8       0xd8 srcLib/libsrcLib.a(flash.c.obj)
                0x200002b8                flash_do_cmd
 .time_critical.tinyusb
                0x20000390      0x1d4 srcLib/libsrcLib.a(usbd.c.obj)
                0x20000390                dcd_event_handler
 .time_critical.reset_non_control_endpoints
                0x20000564       0x40 srcLib/libsrcLib.a(dcd_rp2040.c.obj)
 .time_critical.hw_handle_buff_status
                0x200005a4       0xa4 srcLib/libsrcLib.a(dcd_rp2040.c.obj)
 .time_critical.dcd_rp2040_irq
                0x20000648      0x22c srcLib/libsrcLib.a(dcd_rp2040.c.obj)
 .time_critical.prepare_ep_buffer
                0x20000874       0x6c srcLib/libsrcLib.a(rp2040_usb.c.obj)
 .time_critical.e15_is_bulkin_ep
                0x200008e0       0x2c srcLib/libsrcLib.a(rp2040_usb.c.obj)
 .time_critical.e15_is_critical_frame_period
                0x2000090c       0x30 srcLib/libsrcLib.a(rp2040_usb.c.obj)
 .time_critical.sync_ep_buffer
                0x2000093c       0x78 srcLib/libsrcLib.a(rp2040_usb.c.obj)
 .time_critical._hw_endpoint_xfer_sync
                0x200009b4       0x28 srcLib/libsrcLib.a(rp2040_usb.c.obj)
 .time_critical.hw_endpoint_reset_transfer
                0x200009dc        0xc srcLib/libsrcLib.a(rp2040_usb.c.obj)
                0x200009dc                hw_endpoint_reset_transfer
 .time_critical._hw_endpoint_buffer_control_update32
                0x200009e8       0x4c srcLib/libsrcLib.a(rp2040_usb.c.obj)
                0x200009e8                _hw_endpoint_buffer_control_update32
 .time_critical.hw_endpoint_start_next_buffer
                0x20000a34       0x88 srcLib/libsrcLib.a(rp2040_usb.c.obj)
                0x20000a34                hw_endpoint_start_next_buffer
 .time_critical.hw_endpoint_xfer_continue
                0x20000abc       0x40 srcLib/libsrcLib.a(rp2040_usb.c.obj)
                0x20000abc                hw_endpoint_xfer_continue
 *(.text*)
 .text          0x20000afc        0x4 C:/Raspy/pico/sdk/toolchain/bin/../lib/gcc/arm-none-eabi/13.2.1/thumb/v6-m/nofp\libgcc.a(_dvmd_tls.o)
                0x20000afc                __aeabi_idiv0
                0x20000afc                __aeabi_ldiv0
 .text.__stub   0x20000b00       0xc0 linker stubs
                0x20000bc0                        . = ALIGN (0x4)
 *(.rodata*)
                0x20000bc0                        . = ALIGN (0x4)
 *(.data*)
 .data.striped_spin_lock_num
                0x20000bc0        0x1 CMakeFiles/AEMBS_pico.dir/C_/Raspy/pico/sdk/pico-sdk/src/rp2_common/hardware_sync/sync.c.obj
 *fill*         0x20000bc1        0x3 
 .data          0x20000bc4       0x48 CMakeFiles/AEMBS_pico.dir/C_/Raspy/pico/sdk/pico-sdk/src/rp2_common/hardware_irq/irq_handler_chain.S.obj
                0x20000bc4                irq_handler_chain_slots
                0x20000bf4                irq_handler_chain_first_slot
                0x20000bfe                irq_handler_chain_remove_tail
 .data.default_alarm_pool
                0x20000c0c       0x18 CMakeFiles/AEMBS_pico.dir/C_/Raspy/pico/sdk/pico-sdk/src/common/pico_time/time.c.obj
 *fill*         0x20000c24        0xc 
 .data.aeabi_bits_funcs
                0x20000c30       0x10 CMakeFiles/AEMBS_pico.dir/C_/Raspy/pico/sdk/pico-sdk/src/rp2_common/pico_bit_ops/bit_ops_aeabi.S.obj
                0x20000c30                aeabi_bits_funcs
                0x20000c40                aeabi_bits_funcs_end
 .data.aeabi_mem_funcs
                0x20000c40       0x10 CMakeFiles/AEMBS_pico.dir/C_/Raspy/pico/sdk/pico-sdk/src/rp2_common/pico_mem_ops/mem_ops_aeabi.S.obj
                0x20000c40                aeabi_mem_funcs
                0x20000c50                aeabi_mem_funcs_end
 .data._usbd_qdef
                0x20000c50       0x1c srcLib/libsrcLib.a(usbd.c.obj)
                0x20000c50                _usbd_qdef
 .data._usbd_rhport
                0x20000c6c        0x1 srcLib/libsrcLib.a(usbd.c.obj)
 *fill*         0x20000c6d        0x3 
 .data.i2c0_inst
                0x20000c70        0x8 srcLib/libsrcLib.a(i2c.c.obj)
                0x20000c70                i2c0_inst
 .data.__malloc_sbrk_base
                0x20000c78        0x4 C:/Raspy/pico/sdk/toolchain/bin/../lib/gcc/arm-none-eabi/13.2.1/../../../../arm-none-eabi/lib/thumb/v6-m/nofp\libg.a(libc_a-mallocr.o)
                0x20000c78                __malloc_sbrk_base
 .data.__malloc_trim_threshold
                0x20000c7c        0x4 C:/Raspy/pico/sdk/toolchain/bin/../lib/gcc/arm-none-eabi/13.2.1/../../../../arm-none-eabi/lib/thumb/v6-m/nofp\libg.a(libc_a-mallocr.o)
                0x20000c7c                __malloc_trim_threshold
 .data.__malloc_av_
                0x20000c80      0x408 C:/Raspy/pico/sdk/toolchain/bin/../lib/gcc/arm-none-eabi/13.2.1/../../../../arm-none-eabi/lib/thumb/v6-m/nofp\libg.a(libc_a-mallocr.o)
                0x20000c80                __malloc_av_
 .data._impure_ptr
                0x20001088        0x4 C:/Raspy/pico/sdk/toolchain/bin/../lib/gcc/arm-none-eabi/13.2.1/../../../../arm-none-eabi/lib/thumb/v6-m/nofp\libg.a(libc_a-impure.o)
                0x20001088                _impure_ptr
 *fill*         0x2000108c        0x4 
 .data._impure_data
                0x20001090      0x120 C:/Raspy/pico/sdk/toolchain/bin/../lib/gcc/arm-none-eabi/13.2.1/../../../../arm-none-eabi/lib/thumb/v6-m/nofp\libg.a(libc_a-impure.o)
                0x20001090                _impure_data
 .data.__atexit_recursive_mutex
                0x200011b0        0x4 C:/Raspy/pico/sdk/toolchain/bin/../lib/gcc/arm-none-eabi/13.2.1/../../../../arm-none-eabi/lib/thumb/v6-m/nofp\libg.a(libc_a-__call_atexit.o)
                0x200011b0                __atexit_recursive_mutex
                0x200011b4                        . = ALIGN (0x4)
 *(.after_data.*)
                0x200011b4                        . = ALIGN (0x4)
                0x200011b4                        PROVIDE (__mutex_array_start = .)
 *(SORT_BY_NAME(.mutex_array.*))
 *(.mutex_array)
 .mutex_array   0x200011b4        0x8 CMakeFiles/AEMBS_pico.dir/C_/Raspy/pico/sdk/pico-sdk/src/rp2_common/pico_stdio/stdio.c.obj
                0x200011bc                        PROVIDE (__mutex_array_end = .)
                0x200011bc                        . = ALIGN (0x4)
 *(.jcr)
                0x200011bc                        . = ALIGN (0x4)

.igot.plt       0x200011bc        0x0 load address 0x100095b8
 .igot.plt      0x200011bc        0x0 C:/Raspy/pico/sdk/toolchain/bin/../lib/gcc/arm-none-eabi/13.2.1/thumb/v6-m/nofp/crtbegin.o

.tdata          0x200011bc        0x0 load address 0x100095b8
                0x200011bc                        . = ALIGN (0x4)
 *(.tdata .tdata.* .gnu.linkonce.td.*)
                0x200011bc                        __tdata_end = .
                0x200011bc                        PROVIDE (__data_end__ = .)
                0x100084bc                        __etext = LOADADDR (.data)

.tbss           0x200011bc        0x0 load address 0x100095b8
                0x200011bc                        . = ALIGN (0x4)
                0x200011bc                        __bss_start__ = .
                0x200011bc                        __tls_base = .
 *(.tbss .tbss.* .gnu.linkonce.tb.*)
 *(.tcommon)
                0x200011bc                        __tls_end = .

.bss            0x200011c0     0x19a0 load address 0x100095b8
                0x200011c0                        . = ALIGN (0x4)
                0x200011c0                        __tbss_end = .
 *(SORT_BY_ALIGNMENT(SORT_BY_NAME(.bss*)))
 .bss.default_alarm_pool_entries
                0x200011c0      0x180 CMakeFiles/AEMBS_pico.dir/C_/Raspy/pico/sdk/pico-sdk/src/common/pico_time/time.c.obj
 .bss.McuLog_ConfigData
                0x20001340       0x10 srcLib/libsrcLib.a(McuLog.c.obj)
 .bss.McuShellCdcDevice_callbacks